Archive member included to satisfy reference by file (symbol)

C:/devkitPro/nflib/lib\libnflib.a(nf_2d.o)
                              main.o (NF_Set2D)
C:/devkitPro/nflib/lib\libnflib.a(nf_basic.o)
                              C:/devkitPro/nflib/lib\libnflib.a(nf_2d.o) (NF_Error)
C:/devkitPro/nflib/lib\libnflib.a(nf_sprite256.o)
                              C:/devkitPro/nflib/lib\libnflib.a(nf_2d.o) (NF_BUFFER_SPR256GFX)
C:/devkitPro/nflib/lib\libnflib.a(nf_text.o)
                              main.o (NF_InitTextSys)
C:/devkitPro/nflib/lib\libnflib.a(nf_tiledbg.o)
                              main.o (NF_InitTiledBgBuffers)
C:/devkitPro/libnds/lib\libfilesystem.a(nitrofs.o)
                              main.o (nitroFSInit)
C:/devkitPro/libnds/lib\libfat.a(libfat.o)
                              C:/devkitPro/libnds/lib\libfilesystem.a(nitrofs.o) (fatInitDefault)
C:/devkitPro/libnds/lib\libfat.a(disc.o)
                              C:/devkitPro/libnds/lib\libfat.a(libfat.o) (_FAT_disc_interfaces)
C:/devkitPro/libnds/lib\libfat.a(fatfile.o)
                              C:/devkitPro/libnds/lib\libfat.a(libfat.o) (_FAT_open_r)
C:/devkitPro/libnds/lib\libfat.a(cache.o)
                              C:/devkitPro/libnds/lib\libfat.a(fatfile.o) (_FAT_cache_readSectors)
C:/devkitPro/libnds/lib\libfat.a(fatdir.o)
                              C:/devkitPro/libnds/lib\libfat.a(libfat.o) (_FAT_stat_r)
C:/devkitPro/libnds/lib\libfat.a(directory.o)
                              C:/devkitPro/libnds/lib\libfat.a(fatfile.o) (_FAT_directory_entryGetCluster)
C:/devkitPro/libnds/lib\libfat.a(partition.o)
                              C:/devkitPro/libnds/lib\libfat.a(libfat.o) (_FAT_partition_destructor)
C:/devkitPro/libnds/lib\libfat.a(lock.o)
                              C:/devkitPro/libnds/lib\libfat.a(partition.o) (_FAT_lock_init)
C:/devkitPro/libnds/lib\libfat.a(filetime.o)
                              C:/devkitPro/libnds/lib\libfat.a(fatfile.o) (_FAT_filetime_getTimeFromRTC)
C:/devkitPro/libnds/lib\libfat.a(file_allocation_table.o)
                              C:/devkitPro/libnds/lib\libfat.a(fatfile.o) (_FAT_fat_nextCluster)
C:/devkitPro/libnds/lib\libnds9.a(video.o)
                              C:/devkitPro/nflib/lib\libnflib.a(nf_basic.o) (setBrightness)
C:/devkitPro/libnds/lib\libnds9.a(console.o)
                              main.o (consoleDemoInit)
C:/devkitPro/libnds/lib\libnds9.a(sprite.o)
                              C:/devkitPro/nflib/lib\libnflib.a(nf_sprite256.o) (oamInit)
C:/devkitPro/libnds/lib\libnds9.a(keys.o)
                              main.o (scanKeys)
C:/devkitPro/libnds/lib\libnds9.a(dldi.o)
                              C:/devkitPro/libnds/lib\libfat.a(disc.o) (dldiGetInternal)
C:/devkitPro/libnds/lib\libnds9.a(initSystem.o)
                              C:/devkitPro/devkitARM/bin/../lib/gcc/arm-none-eabi/13.2.0/../../../../arm-none-eabi/lib/ds_arm9_crt0.o (initSystem)
C:/devkitPro/libnds/lib\libnds9.a(securearea.o)
                              C:/devkitPro/devkitARM/bin/../lib/gcc/arm-none-eabi/13.2.0/../../../../arm-none-eabi/lib/ds_arm9_crt0.o (__secure_area__)
C:/devkitPro/libnds/lib\libnds9.a(interrupts.o)
                              C:/devkitPro/libnds/lib\libnds9.a(initSystem.o) (irqInit)
C:/devkitPro/libnds/lib\libnds9.a(libnds_exit.arm.o)
                              C:/devkitPro/devkitARM/bin/../lib/gcc/arm-none-eabi/13.2.0/../../../../arm-none-eabi/lib/ds_arm9_crt0.o (__libnds_exit)
C:/devkitPro/libnds/lib\libnds9.a(card.o)
                              C:/devkitPro/libnds/lib\libfilesystem.a(nitrofs.o) (cardParamCommand)
C:/devkitPro/libnds/lib\libnds9.a(fifosystem.o)
                              C:/devkitPro/libnds/lib\libnds9.a(initSystem.o) (fifoSetValue32Handler)
C:/devkitPro/libnds/lib\libnds9.a(dcache.o)
                              C:/devkitPro/nflib/lib\libnflib.a(nf_basic.o) (DC_FlushRange)
C:/devkitPro/libnds/lib\libnds9.a(dldi_stub.o)
                              C:/devkitPro/libnds/lib\libnds9.a(dldi.o) (_io_dldi_stub)
C:/devkitPro/libnds/lib\libnds9.a(mpu_setup.o)
                              C:/devkitPro/devkitARM/bin/../lib/gcc/arm-none-eabi/13.2.0/../../../../arm-none-eabi/lib/ds_arm9_crt0.o (__libnds_mpu_setup)
C:/devkitPro/libnds/lib\libnds9.a(IntrWait.o)
                              main.o (swiWaitForVBlank)
C:/devkitPro/libnds/lib\libnds9.a(cpu_clock.o)
                              C:/devkitPro/libnds/lib\libnds9.a(initSystem.o) (setCpuClock)
C:/devkitPro/libnds/lib\libnds9.a(interruptDispatcher.o)
                              C:/devkitPro/libnds/lib\libnds9.a(interrupts.o) (IntrMain)
C:/devkitPro/libnds/lib\libnds9.a(biosCalls.o)
                              C:/devkitPro/libnds/lib\libnds9.a(card.o) (swiDelay)
C:/devkitPro/libnds/lib\libnds9.a(debugprint.o)
                              C:/devkitPro/libnds/lib\libnds9.a(console.o) (nocashWrite)
C:/devkitPro/libnds/lib\libnds9.a(swiSoftReset.o)
[...]
Memory Configuration

Name             Origin             Length             Attributes
ewram            0x02000000         0x00380000
dtcm             0x02ff0000         0x00004000
vectors          0x01000000         0x00000100
itcm             0x01000100         0x00007f00
*default*        0x00000000         0xffffffff

Linker script and memory map

                0x02380000                        __ewram_end = (ORIGIN (ewram) + LENGTH (ewram))
                0x02380000                        __eheap_end = (ORIGIN (ewram) + LENGTH (ewram))
                0x02ff4000                        __dtcm_top = (ORIGIN (dtcm) + LENGTH (dtcm))
                0x02ff3ff8                        __irq_flags = (__dtcm_top - 0x8)
                0x02ff3ffc                        __irq_vector = (__dtcm_top - 0x4)
                0x02ff3f00                        __sp_svc = (__dtcm_top - 0x100)
                0x02ff3e00                        __sp_irq = (__sp_svc - 0x100)
                0x02ff3d00                        __sp_usr = (__sp_irq - 0x100)

.secure         0x02000000      0x800
 *(.secure)
 .secure        0x02000000      0x800 C:/devkitPro/libnds/lib\libnds9.a(securearea.o)
                0x02000000                __secure_area__

.crt0           0x02000800      0x300
                0x02000800                        __text_start = .
 *(.crt0)
 .crt0          0x02000800      0x300 C:/devkitPro/devkitARM/bin/../lib/gcc/arm-none-eabi/13.2.0/../../../../arm-none-eabi/lib/ds_arm9_crt0.o
                0x02000800                _start
                0x02000b00                        . = ALIGN (0x4)

.plt
 *(.plt)

.init           0x02000b00       0x18
 *(SORT_NONE(.init))
 .init          0x02000b00        0xc C:/devkitPro/devkitARM/bin/../lib/gcc/arm-none-eabi/13.2.0/crti.o
                0x02000b00                _init
 .init          0x02000b0c        0xc C:/devkitPro/devkitARM/bin/../lib/gcc/arm-none-eabi/13.2.0/crtn.o

.text           0x02000b40    0x22318
 *(EXCLUDE_FILE(*.twl* *.vectors* *.itcm*) .text)
 .text          0x02000b40      0x65c C:/devkitPro/nflib/lib\libnflib.a(nf_2d.o)
                0x02000b40                NF_Set2D
                0x02000ba4                NF_ShowBg
                0x02000c18                NF_HideBg
                0x02000cb4                NF_ScrollBg
                0x02000fb0                NF_SpriteFrame
                0x02001068                NF_EnableSpriteRotScale
                0x020010d4                NF_DisableSpriteRotScale
                0x02001130                NF_SpriteRotScale
 .text          0x0200119c      0x588 C:/devkitPro/nflib/lib\libnflib.a(nf_basic.o)
                0x0200119c                NF_Error
                0x02001448                NF_SetRootFolder
                0x02001624                NF_DmaMemCopy
                0x020016a8                NF_FileLoad
 .text          0x02001724      0x6a0 C:/devkitPro/nflib/lib\libnflib.a(nf_text.o)
                0x02001724                NF_InitTextSys
                0x02001758                NF_LoadTextFont
                0x02001908                NF_UnloadTextFont
                0x02001910                NF_CreateTextLayer
                0x0200199c                NF_DeleteTextLayer
                0x020019d4                NF_WriteText
                0x02001ca4                NF_UpdateTextLayers
                0x02001cf0                NF_ClearTextLayer
                0x02001d3c                NF_DefineTextColor
 .text          0x02001dc4     0x1510 C:/devkitPro/nflib/lib\libnflib.a(nf_tiledbg.o)
                0x02001dc4                NF_InitTiledBgBuffers
                0x02001e58                NF_ResetTiledBgBuffers
                0x02001eb4                NF_InitTiledBgSys
                0x02001fcc                NF_LoadTiledBg
                0x02002178                NF_LoadTilesForBg
                0x0200234c                NF_UnloadTiledBg
                0x020023e8                NF_DeleteTiledBg
                0x02002580                NF_CreateTiledBg
                0x02002aec                NF_GetTileMapAddress
                0x02002b74                NF_GetTileOfMap
                0x02002bb0                NF_SetTileOfMap
                0x02002bf0                NF_UpdateVramMap
                0x02002ce8                NF_BgSetPalColor
                0x02002d7c                NF_BgEditPalColor
                0x02002de8                NF_BgUpdatePalette
                0x02002e8c                NF_BgGetPalColor
                0x02002efc                NF_GetTilePal
                0x02002f30                NF_SetTilePal
                0x02002f70                NF_LoadExBgPal
                0x02002fd0                NF_UnloadExBgPal
                0x02003014                NF_VramExBgPal
                0x020030a0                NF_SetExBgPal
                0x02003160                NF_SetTileHflip
                0x02003198                NF_SetTileVflip
                0x020031d0                NF_RotateTileGfx
 *fill*         0x020032d4       0x2c ff
 .text          0x02003300     0x4000 C:/devkitPro/libnds/lib\libnds9.a(dldi_stub.o)
                0x02003300                _io_dldi_stub
 .text          0x02007300      0x114 C:/devkitPro/devkitARM/bin/../lib/gcc/arm-none-eabi/13.2.0\libgcc.a(_udivsi3.o)
                0x02007300                __aeabi_uidiv
                0x02007300                __udivsi3
                0x020073f4                __aeabi_uidivmod
 .text          0x02007414      0x148 C:/devkitPro/devkitARM/bin/../lib/gcc/arm-none-eabi/13.2.0\libgcc.a(_divsi3.o)
                0x02007414                __divsi3
                0x02007414                __aeabi_idiv
                0x0200753c                __aeabi_idivmod
 .text          0x0200755c        0x4 C:/devkitPro/devkitARM/bin/../lib/gcc/arm-none-eabi/13.2.0\libgcc.a(_dvmd_tls.o)
                0x0200755c                __aeabi_idiv0
                0x0200755c                __aeabi_ldiv0
 .text          0x02007560       0xd4 C:/devkitPro/devkitARM/bin/../lib/gcc/arm-none-eabi/13.2.0\libgcc.a(_aeabi_ldivmod.o)
                0x02007560                __aeabi_ldivmod
 .text          0x02007634       0x28 C:/devkitPro/devkitARM/bin/../lib/gcc/arm-none-eabi/13.2.0\libgcc.a(_clzdi2.o)
                0x02007634                __clzdi2
 .text          0x0200765c       0x48 C:/devkitPro/devkitARM/bin/../lib/gcc/arm-none-eabi/13.2.0\libgcc.a(_clzsi2.o)
                0x0200765c                __clzsi2
 .text          0x020076a4      0x224 C:/devkitPro/devkitARM/bin/../lib/gcc/arm-none-eabi/13.2.0/../../../../arm-none-eabi/lib\libg.a(libc_a-strcmp.o)
                0x020076a4                strcmp
 .text          0x020078c8      0x424 C:/devkitPro/devkitARM/bin/../lib/gcc/arm-none-eabi/13.2.0\libgcc.a(_arm_addsubdf3.o)
                0x020078c8                __aeabi_drsub
                0x020078d0                __aeabi_dsub
                0x020078d0                __subdf3
                0x020078d4                __aeabi_dadd
                0x020078d4                __adddf3
                0x02007be4                __floatunsidf
                0x02007be4                __aeabi_ui2d
                0x02007c08                __floatsidf
                0x02007c08                __aeabi_i2d
                0x02007c30                __aeabi_f2d
                0x02007c30                __extendsfdf2
                0x02007c78                __floatundidf
                0x02007c78                __aeabi_ul2d
                0x02007c8c                __floatdidf
                0x02007c8c                __aeabi_l2d
 .text          0x02007cec      0x49c C:/devkitPro/devkitARM/bin/../lib/gcc/arm-none-eabi/13.2.0\libgcc.a(_arm_muldivdf3.o)
                0x02007cec                __aeabi_dmul
                0x02007cec                __muldf3
                0x02007f7c                __divdf3
                0x02007f7c                __aeabi_ddiv
 .text          0x02008188      0x144 C:/devkitPro/devkitARM/bin/../lib/gcc/arm-none-eabi/13.2.0\libgcc.a(_arm_cmpdf2.o)
                0x02008188                __gtdf2
                0x02008188                __gedf2
                0x02008190                __ltdf2
                0x02008190                __ledf2
                0x02008198                __nedf2
                0x02008198                __eqdf2
                0x02008198                __cmpdf2
                0x02008220                __aeabi_cdrcmple
                0x0200823c                __aeabi_cdcmpeq
                0x0200823c                __aeabi_cdcmple
                0x02008254                __aeabi_dcmpeq
                0x0200826c                __aeabi_dcmplt
                0x02008284                __aeabi_dcmple
                0x0200829c                __aeabi_dcmpge
                0x020082b4                __aeabi_dcmpgt
 .text          0x020082cc       0x38 C:/devkitPro/devkitARM/bin/../lib/gcc/arm-none-eabi/13.2.0\libgcc.a(_arm_unorddf2.o)
                0x020082cc                __unorddf2
                0x020082cc                __aeabi_dcmpun
 .text          0x02008304       0x5c C:/devkitPro/devkitARM/bin/../lib/gcc/arm-none-eabi/13.2.0\libgcc.a(_arm_fixdfsi.o)
                0x02008304                __aeabi_d2iz
                0x02008304                __fixdfsi
 .text          0x02008360       0x3c C:/devkitPro/devkitARM/bin/../lib/gcc/arm-none-eabi/13.2.0\libgcc.a(_aeabi_uldivmod.o)
                0x02008360                __aeabi_uldivmod
 *(EXCLUDE_FILE(*.twl* *.vectors* *.itcm*) .stub)
 *(EXCLUDE_FILE(*.twl* *.vectors* *.itcm*) .text.*)
 .text.__do_global_dtors_aux
                0x0200839c       0x40 C:/devkitPro/devkitARM/bin/../lib/gcc/arm-none-eabi/13.2.0/crtbegin.o
 .text.frame_dummy
                0x020083dc       0x30 C:/devkitPro/devkitARM/bin/../lib/gcc/arm-none-eabi/13.2.0/crtbegin.o
 .text.startup  0x0200840c      0x2ac main.o
                0x0200840c                main
 .text.nitroFSDirClose
                0x020086b8        0x4 C:/devkitPro/libnds/lib\libfilesystem.a(nitrofs.o)
 .text.nitroFSSeek
                0x020086bc       0x78 C:/devkitPro/libnds/lib\libfilesystem.a(nitrofs.o)
 .text.nitroFSFstat
                0x02008734       0x10 C:/devkitPro/libnds/lib\libfilesystem.a(nitrofs.o)
 .text.nitroSubReadBlock
                0x02008744       0x54 C:/devkitPro/libnds/lib\libfilesystem.a(nitrofs.o)
 .text.nitroSubReadCard
                0x02008798       0xb0 C:/devkitPro/libnds/lib\libfilesystem.a(nitrofs.o)
 .text.nitroFSClose
                0x02008848        0x4 C:/devkitPro/libnds/lib\libfilesystem.a(nitrofs.o)
 .text.nitroDirReset
                0x0200884c       0x9c C:/devkitPro/libnds/lib\libfilesystem.a(nitrofs.o)
 .text.nitroFSRead
                0x020088e8       0xbc C:/devkitPro/libnds/lib\libfilesystem.a(nitrofs.o)
 .text.nitroFSDirNext
                0x020089a4      0x30c C:/devkitPro/libnds/lib\libfilesystem.a(nitrofs.o)
 .text.nitroFSDirOpen
                0x02008cb0       0xe0 C:/devkitPro/libnds/lib\libfilesystem.a(nitrofs.o)
 .text.nitroFSChdir
                0x02008d90       0x30 C:/devkitPro/libnds/lib\libfilesystem.a(nitrofs.o)
 .text.nitroFSOpen
                0x02008dc0       0xc4 C:/devkitPro/libnds/lib\libfilesystem.a(nitrofs.o)
 .text.nitroFSstat
                0x02008e84       0x68 C:/devkitPro/libnds/lib\libfilesystem.a(nitrofs.o)
 .text.nitroFSInit
                0x02008eec      0x12c C:/devkitPro/libnds/lib\libfilesystem.a(nitrofs.o)
                0x02008eec                nitroFSInit
 .text.fatMount.part.0
                0x02009018       0xa0 C:/devkitPro/libnds/lib\libfat.a(libfat.o)
 .text.fatMount
                0x020090b8       0x3c C:/devkitPro/libnds/lib\libfat.a(libfat.o)
                0x020090b8                fatMount
 .text.fatInit  0x020090f4      0x130 C:/devkitPro/libnds/lib\libfat.a(libfat.o)
                0x020090f4                fatInit
 .text.fatInitDefault
                0x02009224        0xc C:/devkitPro/libnds/lib\libfat.a(libfat.o)
                0x02009224                fatInitDefault
 .text._FAT_check_position_for_next_cluster.part.0
                0x02009230       0x68 C:/devkitPro/libnds/lib\libfat.a(fatfile.o)
 .text._FAT_syncToDisc.part.0
                0x02009298       0xd4 C:/devkitPro/libnds/lib\libfat.a(fatfile.o)
 .text._FAT_file_extend_r
                0x0200936c      0x208 C:/devkitPro/libnds/lib\libfat.a(fatfile.o)
 .text._FAT_open_r
                0x02009574      0x2d4 C:/devkitPro/libnds/lib\libfat.a(fatfile.o)
                0x02009574                _FAT_open_r
 .text._FAT_close_r
                0x02009848       0x74 C:/devkitPro/libnds/lib\libfat.a(fatfile.o)
                0x02009848                _FAT_close_r
 .text._FAT_read_r
                0x020098bc      0x398 C:/devkitPro/libnds/lib\libfat.a(fatfile.o)
                0x020098bc                _FAT_read_r
 .text._FAT_write_r
                0x02009c54      0x53c C:/devkitPro/libnds/lib\libfat.a(fatfile.o)
                0x02009c54                _FAT_write_r
 .text._FAT_seek_r
                0x0200a190      0x194 C:/devkitPro/libnds/lib\libfat.a(fatfile.o)
                0x0200a190                _FAT_seek_r
 .text._FAT_fstat_r
                0x0200a324       0x8c C:/devkitPro/libnds/lib\libfat.a(fatfile.o)
                0x0200a324                _FAT_fstat_r
 .text._FAT_ftruncate_r
                0x0200a3b0      0x16c C:/devkitPro/libnds/lib\libfat.a(fatfile.o)
                0x0200a3b0                _FAT_ftruncate_r
 .text._FAT_fsync_r
                0x0200a51c       0x44 C:/devkitPro/libnds/lib\libfat.a(fatfile.o)
                0x0200a51c                _FAT_fsync_r
 .text._FAT_cache_getPage
                0x0200a560       0xf0 C:/devkitPro/libnds/lib\libfat.a(cache.o)
 .text._FAT_cache_constructor
                0x0200a650       0x90 C:/devkitPro/libnds/lib\libfat.a(cache.o)
                0x0200a650                _FAT_cache_constructor
 .text._FAT_cache_readSectors
                0x0200a6e0       0x60 C:/devkitPro/libnds/lib\libfat.a(cache.o)
                0x0200a6e0                _FAT_cache_readSectors
 .text._FAT_cache_readPartialSector
                0x0200a740       0x3c C:/devkitPro/libnds/lib\libfat.a(cache.o)
                0x0200a740                _FAT_cache_readPartialSector
 .text._FAT_cache_readLittleEndianValue
                0x0200a77c       0x70 C:/devkitPro/libnds/lib\libfat.a(cache.o)
                0x0200a77c                _FAT_cache_readLittleEndianValue
 .text._FAT_cache_writePartialSector
                0x0200a7ec       0x4c C:/devkitPro/libnds/lib\libfat.a(cache.o)
                0x0200a7ec                _FAT_cache_writePartialSector
 .text._FAT_cache_writeLittleEndianValue
                0x0200a838       0x8c C:/devkitPro/libnds/lib\libfat.a(cache.o)
                0x0200a838                _FAT_cache_writeLittleEndianValue
 .text._FAT_cache_eraseWritePartialSector
                0x0200a8c4       0x60 C:/devkitPro/libnds/lib\libfat.a(cache.o)
                0x0200a8c4                _FAT_cache_eraseWritePartialSector
 .text._FAT_cache_writeSectors
                0x0200a924       0x80 C:/devkitPro/libnds/lib\libfat.a(cache.o)
                0x0200a924                _FAT_cache_writeSectors
 .text._FAT_cache_flush
                0x0200a9a4       0x40 C:/devkitPro/libnds/lib\libfat.a(cache.o)
                0x0200a9a4                _FAT_cache_flush
 .text._FAT_stat_r
                0x0200a9e4       0x90 C:/devkitPro/libnds/lib\libfat.a(fatdir.o)
                0x0200a9e4                _FAT_stat_r
 .text._FAT_link_r
                0x0200aa74        0xc C:/devkitPro/libnds/lib\libfat.a(fatdir.o)
                0x0200aa74                _FAT_link_r
 .text._FAT_unlink_r
                0x0200aa80      0x184 C:/devkitPro/libnds/lib\libfat.a(fatdir.o)
                0x0200aa80                _FAT_unlink_r
 .text._FAT_chdir_r
                0x0200ac04       0x70 C:/devkitPro/libnds/lib\libfat.a(fatdir.o)
                0x0200ac04                _FAT_chdir_r
 .text._FAT_rename_r
                0x0200ac74      0x1c4 C:/devkitPro/libnds/lib\libfat.a(fatdir.o)
                0x0200ac74                _FAT_rename_r
 .text._FAT_mkdir_r
                0x0200ae38      0x244 C:/devkitPro/libnds/lib\libfat.a(fatdir.o)
                0x0200ae38                _FAT_mkdir_r
 .text._FAT_statvfs_r
                0x0200b07c       0x78 C:/devkitPro/libnds/lib\libfat.a(fatdir.o)
                0x0200b07c                _FAT_statvfs_r
 .text._FAT_diropen_r
                0x0200b0f4       0xb0 C:/devkitPro/libnds/lib\libfat.a(fatdir.o)
                0x0200b0f4                _FAT_diropen_r
 .text._FAT_dirreset_r
                0x0200b1a4       0x4c C:/devkitPro/libnds/lib\libfat.a(fatdir.o)
                0x0200b1a4                _FAT_dirreset_r
 .text._FAT_dirnext_r
                0x0200b1f0       0x7c C:/devkitPro/libnds/lib\libfat.a(fatdir.o)
                0x0200b1f0                _FAT_dirnext_r
 .text._FAT_dirclose_r
                0x0200b26c       0x20 C:/devkitPro/libnds/lib\libfat.a(fatdir.o)
                0x0200b26c                _FAT_dirclose_r
 .text._FAT_directory_entryGetAlias
                0x0200b28c       0xc8 C:/devkitPro/libnds/lib\libfat.a(directory.o)
 .text._FAT_directory_incrementDirEntryPosition
                0x0200b354       0x80 C:/devkitPro/libnds/lib\libfat.a(directory.o)
 .text._FAT_directory_mbsncasecmp
                0x0200b3d4       0xa8 C:/devkitPro/libnds/lib\libfat.a(directory.o)
 .text._FAT_directory_ucs2tombs.constprop.0
                0x0200b47c       0x90 C:/devkitPro/libnds/lib\libfat.a(directory.o)
 .text._FAT_directory_entryGetCluster
                0x0200b50c       0x20 C:/devkitPro/libnds/lib\libfat.a(directory.o)
                0x0200b50c                _FAT_directory_entryGetCluster
 .text._FAT_directory_getNextEntry
                0x0200b52c      0x23c C:/devkitPro/libnds/lib\libfat.a(directory.o)
                0x0200b52c                _FAT_directory_getNextEntry
 .text._FAT_directory_entryExists
                0x0200b768       0x80 C:/devkitPro/libnds/lib\libfat.a(directory.o)
 .text._FAT_directory_getFirstEntry
                0x0200b7e8       0x20 C:/devkitPro/libnds/lib\libfat.a(directory.o)
                0x0200b7e8                _FAT_directory_getFirstEntry
 .text._FAT_directory_getRootEntry
                0x0200b808       0x60 C:/devkitPro/libnds/lib\libfat.a(directory.o)
                0x0200b808                _FAT_directory_getRootEntry
 .text._FAT_directory_entryFromPosition
                0x0200b868      0x150 C:/devkitPro/libnds/lib\libfat.a(directory.o)
                0x0200b868                _FAT_directory_entryFromPosition
 .text._FAT_directory_entryFromPath
                0x0200b9b8      0x248 C:/devkitPro/libnds/lib\libfat.a(directory.o)
                0x0200b9b8                _FAT_directory_entryFromPath
 .text._FAT_directory_removeEntry
                0x0200bc00       0xd8 C:/devkitPro/libnds/lib\libfat.a(directory.o)
                0x0200bc00                _FAT_directory_removeEntry
 .text._FAT_directory_addEntry
                0x0200bcd8      0x808 C:/devkitPro/libnds/lib\libfat.a(directory.o)
                0x0200bcd8                _FAT_directory_addEntry
 .text._FAT_directory_chdir
                0x0200c4e0       0x3c C:/devkitPro/libnds/lib\libfat.a(directory.o)
                0x0200c4e0                _FAT_directory_chdir
 .text._FAT_directory_entryStat
                0x0200c51c       0xe4 C:/devkitPro/libnds/lib\libfat.a(directory.o)
                0x0200c51c                _FAT_directory_entryStat
 .text.isValidMBR
                0x0200c600       0x5c C:/devkitPro/libnds/lib\libfat.a(partition.o)
 .text._FAT_updateFS_INFO
                0x0200c65c       0x54 C:/devkitPro/libnds/lib\libfat.a(partition.o)
 .text.FindFirstValidPartition_buf.part.0
                0x0200c6b0      0x11c C:/devkitPro/libnds/lib\libfat.a(partition.o)
 .text._FAT_partition_getPartitionFromPath
                0x0200c7cc       0x10 C:/devkitPro/libnds/lib\libfat.a(partition.o)
                0x0200c7cc                _FAT_partition_getPartitionFromPath
 .text._FAT_partition_createFSinfo
                0x0200c7dc       0x50 C:/devkitPro/libnds/lib\libfat.a(partition.o)
                0x0200c7dc                _FAT_partition_createFSinfo
 .text._FAT_partition_readFSinfo.part.0
                0x0200c82c       0x74 C:/devkitPro/libnds/lib\libfat.a(partition.o)
 .text._FAT_partition_constructor_buf
                0x0200c8a0      0x2e8 C:/devkitPro/libnds/lib\libfat.a(partition.o)
                0x0200c8a0                _FAT_partition_constructor_buf
 .text._FAT_partition_constructor
                0x0200cb88       0x40 C:/devkitPro/libnds/lib\libfat.a(partition.o)
                0x0200cb88                _FAT_partition_constructor
 .text._FAT_partition_readFSinfo
                0x0200cbc8       0x10 C:/devkitPro/libnds/lib\libfat.a(partition.o)
                0x0200cbc8                _FAT_partition_readFSinfo
 .text._FAT_lock_init
                0x0200cbd8        0x4 C:/devkitPro/libnds/lib\libfat.a(lock.o)
                0x0200cbd8                _FAT_lock_init
 .text._FAT_lock
                0x0200cbdc        0x4 C:/devkitPro/libnds/lib\libfat.a(lock.o)
                0x0200cbdc                _FAT_lock
 .text._FAT_unlock
                0x0200cbe0        0x4 C:/devkitPro/libnds/lib\libfat.a(lock.o)
                0x0200cbe0                _FAT_unlock
 .text._FAT_filetime_getTimeFromRTC
                0x0200cbe4       0x44 C:/devkitPro/libnds/lib\libfat.a(filetime.o)
                0x0200cbe4                _FAT_filetime_getTimeFromRTC
 .text._FAT_filetime_getDateFromRTC
                0x0200cc28       0x44 C:/devkitPro/libnds/lib\libfat.a(filetime.o)
                0x0200cc28                _FAT_filetime_getDateFromRTC
 .text._FAT_filetime_to_time_t
                0x0200cc6c       0x38 C:/devkitPro/libnds/lib\libfat.a(filetime.o)
                0x0200cc6c                _FAT_filetime_to_time_t
 .text._FAT_fat_writeFatEntry.part.0.isra.0
                0x0200cca4      0x12c C:/devkitPro/libnds/lib\libfat.a(file_allocation_table.o)
 .text._FAT_fat_nextCluster
                0x0200cdd0      0x108 C:/devkitPro/libnds/lib\libfat.a(file_allocation_table.o)
                0x0200cdd0                _FAT_fat_nextCluster
 .text._FAT_fat_linkFreeCluster
                0x0200ced8       0xac C:/devkitPro/libnds/lib\libfat.a(file_allocation_table.o)
                0x0200ced8                _FAT_fat_linkFreeCluster
 .text._FAT_fat_linkFreeClusterCleared
                0x0200cf84       0x68 C:/devkitPro/libnds/lib\libfat.a(file_allocation_table.o)
                0x0200cf84                _FAT_fat_linkFreeClusterCleared
 .text._FAT_fat_clearLinks
                0x0200cfec       0x7c C:/devkitPro/libnds/lib\libfat.a(file_allocation_table.o)
                0x0200cfec                _FAT_fat_clearLinks
 .text._FAT_fat_trimChain
                0x0200d068       0x80 C:/devkitPro/libnds/lib\libfat.a(file_allocation_table.o)
                0x0200d068                _FAT_fat_trimChain
 .text._FAT_fat_lastCluster
                0x0200d0e8       0x34 C:/devkitPro/libnds/lib\libfat.a(file_allocation_table.o)
                0x0200d0e8                _FAT_fat_lastCluster
 .text._FAT_fat_freeClusterCount
                0x0200d11c       0x2c C:/devkitPro/libnds/lib\libfat.a(file_allocation_table.o)
                0x0200d11c                _FAT_fat_freeClusterCount
 .text.setBrightness
                0x0200d148       0x40 C:/devkitPro/libnds/lib\libnds9.a(video.o)
                0x0200d148                setBrightness
 .text.vramDefault
                0x0200d188       0xd0 C:/devkitPro/libnds/lib\libnds9.a(video.o)
                0x0200d188                vramDefault
 .text.newRow   0x0200d258       0xa8 C:/devkitPro/libnds/lib\libnds9.a(console.o)
 .text.consolePrintChar
                0x0200d300       0xe0 C:/devkitPro/libnds/lib\libnds9.a(console.o)
                0x0200d300                consolePrintChar
 .text.con_write
                0x0200d3e0      0x36c C:/devkitPro/libnds/lib\libnds9.a(console.o)
                0x0200d3e0                con_write
 .text.consoleLoadFont
                0x0200d74c      0x2a0 C:/devkitPro/libnds/lib\libnds9.a(console.o)
                0x0200d74c                consoleLoadFont
 .text.consoleInit
                0x0200d9ec      0x18c C:/devkitPro/libnds/lib\libnds9.a(console.o)
                0x0200d9ec                consoleInit
 .text.consoleDemoInit
                0x0200db78       0x40 C:/devkitPro/libnds/lib\libnds9.a(console.o)
                0x0200db78                consoleDemoInit
 .text.oamRotateScale
                0x0200dbb8       0x4c C:/devkitPro/libnds/lib\libnds9.a(sprite.o)
                0x0200dbb8                oamRotateScale
 .text.scanKeys
                0x0200dc04       0x8c C:/devkitPro/libnds/lib\libnds9.a(keys.o)
                0x0200dc04                scanKeys
 .text.keysDown
                0x0200dc90       0x14 C:/devkitPro/libnds/lib\libnds9.a(keys.o)
                0x0200dc90                keysDown
 .text.dldiGetInternal
                0x0200dca4       0x34 C:/devkitPro/libnds/lib\libnds9.a(dldi.o)
                0x0200dca4                dldiGetInternal
 .text.get_io_dsisd
                0x0200dcd8       0x24 C:/devkitPro/libnds/lib\libnds9.a(dldi.o)
                0x0200dcd8                get_io_dsisd
 .text.__syscall_gettod_r
                0x0200dcfc       0x28 C:/devkitPro/libnds/lib\libnds9.a(initSystem.o)
                0x0200dcfc                __syscall_gettod_r
 .text.__syscall_exit
                0x0200dd24        0x8 C:/devkitPro/libnds/lib\libnds9.a(initSystem.o)
                0x0200dd24                __syscall_exit
 .text.initSystem
                0x0200dd2c      0x180 C:/devkitPro/libnds/lib\libnds9.a(initSystem.o)
                0x0200dd2c                initSystem
 .text.irqDummy
                0x0200deac        0x4 C:/devkitPro/libnds/lib\libnds9.a(interrupts.o)
                0x0200deac                irqDummy
 .text.irqSet   0x0200deb0       0x6c C:/devkitPro/libnds/lib\libnds9.a(interrupts.o)
                0x0200deb0                irqSet
 .text.irqInit  0x0200df1c       0x50 C:/devkitPro/libnds/lib\libnds9.a(interrupts.o)
                0x0200df1c                irqInit
 .text.irqEnable
                0x0200df6c       0x64 C:/devkitPro/libnds/lib\libnds9.a(interrupts.o)
                0x0200df6c                irqEnable
 .text.systemErrorExit
                0x0200dfd0        0x4 C:/devkitPro/libnds/lib\libnds9.a(libnds_exit.arm.o)
                0x0200dfd0                systemErrorExit
 .text.__libnds_exit
                0x0200dfd4       0x5c C:/devkitPro/libnds/lib\libnds9.a(libnds_exit.arm.o)
                0x0200dfd4                __libnds_exit
 .text.cardPolledTransfer
                0x0200e030       0x54 C:/devkitPro/libnds/lib\libnds9.a(card.o)
                0x0200e030                cardPolledTransfer
 .text.cardParamCommand
                0x0200e084       0x34 C:/devkitPro/libnds/lib\libnds9.a(card.o)
                0x0200e084                cardParamCommand
 .text.fifo_queueBlock
                0x0200e0b8       0x44 C:/devkitPro/libnds/lib\libnds9.a(fifosystem.o)
 .text.fifo_waitBlock
                0x0200e0fc       0x80 C:/devkitPro/libnds/lib\libnds9.a(fifosystem.o)
 .text.fifoInternalSend.part.0
                0x0200e17c       0xd4 C:/devkitPro/libnds/lib\libnds9.a(fifosystem.o)
 .text.fifoInternalSendInterrupt
                0x0200e250       0xb0 C:/devkitPro/libnds/lib\libnds9.a(fifosystem.o)
 .text.fifoSetValue32Handler
                0x0200e300       0xd4 C:/devkitPro/libnds/lib\libnds9.a(fifosystem.o)
                0x0200e300                fifoSetValue32Handler
 .text.fifoSendValue32
                0x0200e3d4       0x4c C:/devkitPro/libnds/lib\libnds9.a(fifosystem.o)
                0x0200e3d4                fifoSendValue32
 .text.fifoSendDatamsg
                0x0200e420       0x90 C:/devkitPro/libnds/lib\libnds9.a(fifosystem.o)
                0x0200e420                fifoSendDatamsg
 .text.fifoGetValue32
                0x0200e4b0       0x70 C:/devkitPro/libnds/lib\libnds9.a(fifosystem.o)
                0x0200e4b0                fifoGetValue32
 .text.fifoGetDatamsg
                0x0200e520       0xf4 C:/devkitPro/libnds/lib\libnds9.a(fifosystem.o)
                0x0200e520                fifoGetDatamsg
 .text.fifoInternalRecvInterrupt
                0x0200e614      0x37c C:/devkitPro/libnds/lib\libnds9.a(fifosystem.o)
 .text.fifoSetDatamsgHandler
                0x0200e990       0x9c C:/devkitPro/libnds/lib\libnds9.a(fifosystem.o)
                0x0200e990                fifoSetDatamsgHandler
 .text.fifoCheckValue32
                0x0200ea2c       0x24 C:/devkitPro/libnds/lib\libnds9.a(fifosystem.o)
                0x0200ea2c                fifoCheckValue32
 .text.fifoInit
                0x0200ea50      0x108 C:/devkitPro/libnds/lib\libnds9.a(fifosystem.o)
                0x0200ea50                fifoInit
 .text.DC_FlushRange
                0x0200eb58       0x24 C:/devkitPro/libnds/lib\libnds9.a(dcache.o)
                0x0200eb58                DC_FlushRange
 .text.DC_InvalidateRange
                0x0200eb7c       0x2c C:/devkitPro/libnds/lib\libnds9.a(dcache.o)
                0x0200eb7c                DC_InvalidateRange
 .text.__libnds_mpu_setup
                0x0200eba8      0x174 C:/devkitPro/libnds/lib\libnds9.a(mpu_setup.o)
                0x0200eba8                __libnds_mpu_setup
 .text.memUncached
                0x0200ed1c       0x20 C:/devkitPro/libnds/lib\libnds9.a(mpu_setup.o)
                0x0200ed1c                memUncached
 .text.swiWaitForVBlank
                0x0200ed3c        0x8 C:/devkitPro/libnds/lib\libnds9.a(IntrWait.o)
                0x0200ed3c                swiWaitForVBlank
 .text.swiIntrWait
                0x0200ed44       0x70 C:/devkitPro/libnds/lib\libnds9.a(IntrWait.o)
                0x0200ed44                swiIntrWait
 .text.setCpuClock
                0x0200edb4       0x50 C:/devkitPro/libnds/lib\libnds9.a(cpu_clock.o)
                0x0200edb4                setCpuClock
 .text.swiDelay
                0x0200ee04        0x4 C:/devkitPro/libnds/lib\libnds9.a(biosCalls.o)
                0x0200ee04                swiDelay
 .text.swiSoftReset
                0x0200ee08       0x2c C:/devkitPro/libnds/lib\libnds9.a(swiSoftReset.o)
                0x0200ee08                swiSoftReset
 .text.checkIfText
                0x0200ee34       0x5c C:/devkitPro/libnds/lib\libnds9.a(background.o)
                0x0200ee34                checkIfText
 .text.bgUpdate
                0x0200ee90       0xf4 C:/devkitPro/libnds/lib\libnds9.a(background.o)
                0x0200ee90                bgUpdate
 .text.bgInit_call
                0x0200ef84       0xc4 C:/devkitPro/libnds/lib\libnds9.a(background.o)
                0x0200ef84                bgInit_call
 .text.bgInitSub_call
                0x0200f048       0xcc C:/devkitPro/libnds/lib\libnds9.a(background.o)
                0x0200f048                bgInitSub_call
 .text.sinLutLookup
                0x0200f114       0x4c C:/devkitPro/libnds/lib\libnds9.a(trig.o)
                0x0200f114                sinLutLookup
 .text.sinLerp  0x0200f160       0x40 C:/devkitPro/libnds/lib\libnds9.a(trig.o)
                0x0200f160                sinLerp
 .text.cosLerp  0x0200f1a0       0x4c C:/devkitPro/libnds/lib\libnds9.a(trig.o)
                0x0200f1a0                cosLerp
 .text.systemValueHandler
                0x0200f1ec       0x48 C:/devkitPro/libnds/lib\libnds9.a(system.o)
                0x0200f1ec                systemValueHandler
 .text.systemMsgHandler
                0x0200f234       0x60 C:/devkitPro/libnds/lib\libnds9.a(system.o)
                0x0200f234                systemMsgHandler
 .text.powerOn  0x0200f294       0x2c C:/devkitPro/libnds/lib\libnds9.a(system.o)
                0x0200f294                powerOn
 .text.__muldi3
                0x0200f2c0       0x18 C:/devkitPro/devkitARM/bin/../lib/gcc/arm-none-eabi/13.2.0\libgcc.a(_muldi3.o)
                0x0200f2c0                __muldi3
                0x0200f2c0                __aeabi_lmul
 .text.__udivmoddi4
                0x0200f2d8      0x128 C:/devkitPro/devkitARM/bin/../lib/gcc/arm-none-eabi/13.2.0\libgcc.a(_udivmoddi4.o)
                0x0200f2d8                __udivmoddi4
 .text.towlower
                0x0200f400       0x14 C:/devkitPro/devkitARM/bin/../lib/gcc/arm-none-eabi/13.2.0/../../../../arm-none-eabi/lib\libg.a(libc_a-towlower.o)
                0x0200f400                towlower
 .text._mbrtowc_r
                0x0200f414       0xc0 C:/devkitPro/devkitARM/bin/../lib/gcc/arm-none-eabi/13.2.0/../../../../arm-none-eabi/lib\libg.a(libc_a-mbrtowc.o)
                0x0200f414                _mbrtowc_r
 .text.mbrtowc  0x0200f4d4       0xc4 C:/devkitPro/devkitARM/bin/../lib/gcc/arm-none-eabi/13.2.0/../../../../arm-none-eabi/lib\libg.a(libc_a-mbrtowc.o)
                0x0200f4d4                mbrtowc
 .text._wcrtomb_r
                0x0200f598       0xac C:/devkitPro/devkitARM/bin/../lib/gcc/arm-none-eabi/13.2.0/../../../../arm-none-eabi/lib\libg.a(libc_a-wcrtomb.o)
                0x0200f598                _wcrtomb_r
 .text.wcrtomb  0x0200f644       0xb4 C:/devkitPro/devkitARM/bin/../lib/gcc/arm-none-eabi/13.2.0/../../../../arm-none-eabi/lib\libg.a(libc_a-wcrtomb.o)
                0x0200f644                wcrtomb
 .text.towupper
                0x0200f6f8       0x14 C:/devkitPro/devkitARM/bin/../lib/gcc/arm-none-eabi/13.2.0/../../../../arm-none-eabi/lib\libg.a(libc_a-towupper.o)
                0x0200f6f8                towupper
 .text.mbsrtowcs
                0x0200f70c       0x3c C:/devkitPro/devkitARM/bin/../lib/gcc/arm-none-eabi/13.2.0/../../../../arm-none-eabi/lib\libg.a(libc_a-mbsrtowcs.o)
                0x0200f70c                mbsrtowcs
 .text.wctob    0x0200f748       0x88 C:/devkitPro/devkitARM/bin/../lib/gcc/arm-none-eabi/13.2.0/../../../../arm-none-eabi/lib\libg.a(libc_a-wctob.o)
                0x0200f748                wctob
 .text.rewind   0x0200f7d0       0x30 C:/devkitPro/devkitARM/bin/../lib/gcc/arm-none-eabi/13.2.0/../../../../arm-none-eabi/lib\libg.a(libc_a-rewind.o)
                0x0200f7d0                rewind
 .text.towctrans
                0x0200f800       0x48 C:/devkitPro/devkitARM/bin/../lib/gcc/arm-none-eabi/13.2.0/../../../../arm-none-eabi/lib\libg.a(libc_a-towctrans.o)
                0x0200f800                towctrans
 .text.snprintf
                0x0200f848       0xcc C:/devkitPro/devkitARM/bin/../lib/gcc/arm-none-eabi/13.2.0/../../../../arm-none-eabi/lib\libg.a(libc_a-snprintf.o)
                0x0200f848                snprintf
 .text.sprintf  0x0200f914       0x64 C:/devkitPro/devkitARM/bin/../lib/gcc/arm-none-eabi/13.2.0/../../../../arm-none-eabi/lib\libg.a(libc_a-sprintf.o)
                0x0200f914                sprintf
 .text.siscanf  0x0200f978       0x74 C:/devkitPro/devkitARM/bin/../lib/gcc/arm-none-eabi/13.2.0/../../../../arm-none-eabi/lib\libg.a(libc_a-siscanf.o)
                0x0200f978                siscanf
 .text.calloc   0x0200f9ec       0x24 C:/devkitPro/devkitARM/bin/../lib/gcc/arm-none-eabi/13.2.0/../../../../arm-none-eabi/lib\libg.a(libc_a-calloc.o)
                0x0200f9ec                calloc
 .text._calloc_r
                0x0200fa10       0xd0 C:/devkitPro/devkitARM/bin/../lib/gcc/arm-none-eabi/13.2.0/../../../../arm-none-eabi/lib\libg.a(libc_a-callocr.o)
                0x0200fa10                _calloc_r
 .text.setvbuf  0x0200fae0      0x25c C:/devkitPro/devkitARM/bin/../lib/gcc/arm-none-eabi/13.2.0/../../../../arm-none-eabi/lib\libg.a(libc_a-setvbuf.o)
                0x0200fae0                setvbuf
 .text.get_arg  0x0200fd3c       0x54 C:/devkitPro/devkitARM/bin/../lib/gcc/arm-none-eabi/13.2.0/../../../../arm-none-eabi/lib\libg.a(libc_a-svfiscanf.o)
 .text._sungetc_r
                0x0200fd90       0xe4 C:/devkitPro/devkitARM/bin/../lib/gcc/arm-none-eabi/13.2.0/../../../../arm-none-eabi/lib\libg.a(libc_a-svfiscanf.o)
                0x0200fd90                _sungetc_r
 .text.__ssrefill_r
                0x0200fe74       0x68 C:/devkitPro/devkitARM/bin/../lib/gcc/arm-none-eabi/13.2.0/../../../../arm-none-eabi/lib\libg.a(libc_a-svfiscanf.o)
                0x0200fe74                __ssrefill_r
 .text._sfread_r
                0x0200fedc       0xc8 C:/devkitPro/devkitARM/bin/../lib/gcc/arm-none-eabi/13.2.0/../../../../arm-none-eabi/lib\libg.a(libc_a-svfiscanf.o)
                0x0200fedc                _sfread_r
 .text.__ssvfiscanf_r
                0x0200ffa4     0x22dc C:/devkitPro/devkitARM/bin/../lib/gcc/arm-none-eabi/13.2.0/../../../../arm-none-eabi/lib\libg.a(libc_a-svfiscanf.o)
                0x0200ffa4                __ssvfiscanf_r
 .text._malloc_trim_r
                0x02012280      0x100 C:/devkitPro/devkitARM/bin/../lib/gcc/arm-none-eabi/13.2.0/../../../../arm-none-eabi/lib\libg.a(libc_a-freer.o)
                0x02012280                _malloc_trim_r
 .text._free_r  0x02012380      0x2e8 C:/devkitPro/devkitARM/bin/../lib/gcc/arm-none-eabi/13.2.0/../../../../arm-none-eabi/lib\libg.a(libc_a-freer.o)
                0x02012380                _free_r
 .text.iprintf  0x02012668       0x34 C:/devkitPro/devkitARM/bin/../lib/gcc/arm-none-eabi/13.2.0/../../../../arm-none-eabi/lib\libg.a(libc_a-iprintf.o)
                0x02012668                iprintf
 .text.strchr   0x0201269c      0x13c C:/devkitPro/devkitARM/bin/../lib/gcc/arm-none-eabi/13.2.0/../../../../arm-none-eabi/lib\libg.a(libc_a-strchr.o)
                0x0201269c                strchr
 .text.memcmp   0x020127d8       0xe0 C:/devkitPro/devkitARM/bin/../lib/gcc/arm-none-eabi/13.2.0/../../../../arm-none-eabi/lib\libg.a(libc_a-memcmp.o)
                0x020127d8                memcmp
 .text._fclose_r
                0x020128b8      0x150 C:/devkitPro/devkitARM/bin/../lib/gcc/arm-none-eabi/13.2.0/../../../../arm-none-eabi/lib\libg.a(libc_a-fclose.o)
                0x020128b8                _fclose_r
 .text.fclose   0x02012a08       0x18 C:/devkitPro/devkitARM/bin/../lib/gcc/arm-none-eabi/13.2.0/../../../../arm-none-eabi/lib\libg.a(libc_a-fclose.o)
                0x02012a08                fclose
 .text.get_arg  0x02012a20      0x654 C:/devkitPro/devkitARM/bin/../lib/gcc/arm-none-eabi/13.2.0/../../../../arm-none-eabi/lib\libg.a(libc_a-svfprintf.o)
 .text._svfprintf_r
                0x02013074     0x3518 C:/devkitPro/devkitARM/bin/../lib/gcc/arm-none-eabi/13.2.0/../../../../arm-none-eabi/lib\libg.a(libc_a-svfprintf.o)
                0x02013074                _svfprintf_r
 .text.malloc   0x0201658c       0x1c C:/devkitPro/devkitARM/bin/../lib/gcc/arm-none-eabi/13.2.0/../../../../arm-none-eabi/lib\libg.a(libc_a-malloc.o)
                0x0201658c                malloc
 .text.free     0x020165a8       0x1c C:/devkitPro/devkitARM/bin/../lib/gcc/arm-none-eabi/13.2.0/../../../../arm-none-eabi/lib\libg.a(libc_a-malloc.o)
                0x020165a8                free
 .text._malloc_r
                0x020165c4      0x7a4 C:/devkitPro/devkitARM/bin/../lib/gcc/arm-none-eabi/13.2.0/../../../../arm-none-eabi/lib\libg.a(libc_a-mallocr.o)
                0x020165c4                _malloc_r
 .text.memmove  0x02016d68      0x154 C:/devkitPro/devkitARM/bin/../lib/gcc/arm-none-eabi/13.2.0/../../../../arm-none-eabi/lib\libg.a(libc_a-memmove.o)
                0x02016d68                memmove
 .text.memset   0x02016ebc       0xfc C:/devkitPro/devkitARM/bin/../lib/gcc/arm-none-eabi/13.2.0/../../../../arm-none-eabi/lib\libg.a(libc_a-memset.o)
                0x02016ebc                memset
 .text.__malloc_lock
                0x02016fb8       0x18 C:/devkitPro/devkitARM/bin/../lib/gcc/arm-none-eabi/13.2.0/../../../../arm-none-eabi/lib\libg.a(libc_a-mlock.o)
                0x02016fb8                __malloc_lock
 .text.__malloc_unlock
                0x02016fd0       0x18 C:/devkitPro/devkitARM/bin/../lib/gcc/arm-none-eabi/13.2.0/../../../../arm-none-eabi/lib\libg.a(libc_a-mlock.o)
                0x02016fd0                __malloc_unlock
 .text.strlen   0x02016fe8       0x94 C:/devkitPro/devkitARM/bin/../lib/gcc/arm-none-eabi/13.2.0/../../../../arm-none-eabi/lib\libg.a(libc_a-strlen.o)
                0x02016fe8                strlen
 .text._fopen_r
                0x0201707c      0x138 C:/devkitPro/devkitARM/bin/../lib/gcc/arm-none-eabi/13.2.0/../../../../arm-none-eabi/lib\libg.a(libc_a-fopen.o)
                0x0201707c                _fopen_r
 .text.fopen    0x020171b4       0x20 C:/devkitPro/devkitARM/bin/../lib/gcc/arm-none-eabi/13.2.0/../../../../arm-none-eabi/lib\libg.a(libc_a-fopen.o)
                0x020171b4                fopen
 .text.__sflush_r
                0x020171d4      0x248 C:/devkitPro/devkitARM/bin/../lib/gcc/arm-none-eabi/13.2.0/../../../../arm-none-eabi/lib\libg.a(libc_a-fflush.o)
                0x020171d4                __sflush_r
 .text._fflush_r
                0x0201741c       0x9c C:/devkitPro/devkitARM/bin/../lib/gcc/arm-none-eabi/13.2.0/../../../../arm-none-eabi/lib\libg.a(libc_a-fflush.o)
                0x0201741c                _fflush_r
 .text.strpbrk  0x020174b8       0x7c C:/devkitPro/devkitARM/bin/../lib/gcc/arm-none-eabi/13.2.0/../../../../arm-none-eabi/lib\libg.a(libc_a-strpbrk.o)
                0x020174b8                strpbrk
 .text.strdup   0x02017534       0x1c C:/devkitPro/devkitARM/bin/../lib/gcc/arm-none-eabi/13.2.0/../../../../arm-none-eabi/lib\libg.a(libc_a-strdup.o)
                0x02017534                strdup
 .text.strcasecmp
                0x02017550       0x70 C:/devkitPro/devkitARM/bin/../lib/gcc/arm-none-eabi/13.2.0/../../../../arm-none-eabi/lib\libg.a(libc_a-strcasecmp.o)
                0x02017550                strcasecmp
 .text.strrchr  0x020175c0       0x58 C:/devkitPro/devkitARM/bin/../lib/gcc/arm-none-eabi/13.2.0/../../../../arm-none-eabi/lib\libg.a(libc_a-strrchr.o)
                0x020175c0                strrchr
 .text.strncasecmp
                0x02017618       0x8c C:/devkitPro/devkitARM/bin/../lib/gcc/arm-none-eabi/13.2.0/../../../../arm-none-eabi/lib\libg.a(libc_a-strncasecmp.o)
                0x02017618                strncasecmp
 .text._strdup_r
                0x020176a4       0x44 C:/devkitPro/devkitARM/bin/../lib/gcc/arm-none-eabi/13.2.0/../../../../arm-none-eabi/lib\libg.a(libc_a-strdup_r.o)
                0x020176a4                _strdup_r
 .text.ftell    0x020176e8       0x30 C:/devkitPro/devkitARM/bin/../lib/gcc/arm-none-eabi/13.2.0/../../../../arm-none-eabi/lib\libg.a(libc_a-ftell.o)
                0x020176e8                ftell
 .text.strncmp  0x02017718       0xec C:/devkitPro/devkitARM/bin/../lib/gcc/arm-none-eabi/13.2.0/../../../../arm-none-eabi/lib\libg.a(libc_a-strncmp.o)
                0x02017718                strncmp
 .text._fwalk_sglue
                0x02017804       0x78 C:/devkitPro/devkitARM/bin/../lib/gcc/arm-none-eabi/13.2.0/../../../../arm-none-eabi/lib\libg.a(libc_a-fwalk.o)
                0x02017804                _fwalk_sglue
 .text._fread_r
                0x0201787c      0x33c C:/devkitPro/devkitARM/bin/../lib/gcc/arm-none-eabi/13.2.0/../../../../arm-none-eabi/lib\libg.a(libc_a-fread.o)
                0x0201787c                _fread_r
 .text.fread    0x02017bb8       0x3c C:/devkitPro/devkitARM/bin/../lib/gcc/arm-none-eabi/13.2.0/../../../../arm-none-eabi/lib\libg.a(libc_a-fread.o)
                0x02017bb8                fread
 .text.strncpy  0x02017bf4       0xd0 C:/devkitPro/devkitARM/bin/../lib/gcc/arm-none-eabi/13.2.0/../../../../arm-none-eabi/lib\libg.a(libc_a-strncpy.o)
                0x02017bf4                strncpy
 .text.stdio_exit_handler
                0x02017cc4       0x28 C:/devkitPro/devkitARM/bin/../lib/gcc/arm-none-eabi/13.2.0/../../../../arm-none-eabi/lib\libg.a(libc_a-findfp.o)
 .text.cleanup_stdio
                0x02017cec       0x54 C:/devkitPro/devkitARM/bin/../lib/gcc/arm-none-eabi/13.2.0/../../../../arm-none-eabi/lib\libg.a(libc_a-findfp.o)
 .text.global_stdio_init.part.0
                0x02017d40      0x158 C:/devkitPro/devkitARM/bin/../lib/gcc/arm-none-eabi/13.2.0/../../../../arm-none-eabi/lib\libg.a(libc_a-findfp.o)
 .text.__sfp    0x02017e98      0x138 C:/devkitPro/devkitARM/bin/../lib/gcc/arm-none-eabi/13.2.0/../../../../arm-none-eabi/lib\libg.a(libc_a-findfp.o)
                0x02017e98                __sfp
 .text.__sinit  0x02017fd0       0x64 C:/devkitPro/devkitARM/bin/../lib/gcc/arm-none-eabi/13.2.0/../../../../arm-none-eabi/lib\libg.a(libc_a-findfp.o)
                0x02017fd0                __sinit
 .text.__sfp_lock_acquire
                0x02018034       0x18 C:/devkitPro/devkitARM/bin/../lib/gcc/arm-none-eabi/13.2.0/../../../../arm-none-eabi/lib\libg.a(libc_a-findfp.o)
                0x02018034                __sfp_lock_acquire
 .text.__sfp_lock_release
                0x0201804c       0x18 C:/devkitPro/devkitARM/bin/../lib/gcc/arm-none-eabi/13.2.0/../../../../arm-none-eabi/lib\libg.a(libc_a-findfp.o)
                0x0201804c                __sfp_lock_release
 .text.localtime_r
                0x02018064      0x374 C:/devkitPro/devkitARM/bin/../lib/gcc/arm-none-eabi/13.2.0/../../../../arm-none-eabi/lib\libg.a(libc_a-lcltime_r.o)
                0x02018064                localtime_r
 .text.strnlen  0x020183d8       0x48 C:/devkitPro/devkitARM/bin/../lib/gcc/arm-none-eabi/13.2.0/../../../../arm-none-eabi/lib\libg.a(libc_a-strnlen.o)
                0x020183d8                strnlen
 .text._tzset_unlocked
                0x02018420       0x14 C:/devkitPro/devkitARM/bin/../lib/gcc/arm-none-eabi/13.2.0/../../../../arm-none-eabi/lib\libg.a(libc_a-tzset.o)
                0x02018420                _tzset_unlocked
 .text.validate_structure
                0x02018434      0x2e0 C:/devkitPro/devkitARM/bin/../lib/gcc/arm-none-eabi/13.2.0/../../../../arm-none-eabi/lib\libg.a(libc_a-mktime.o)
 .text.mktime   0x02018714      0x4cc C:/devkitPro/devkitARM/bin/../lib/gcc/arm-none-eabi/13.2.0/../../../../arm-none-eabi/lib\libg.a(libc_a-mktime.o)
                0x02018714                mktime
 .text.access   0x02018be0       0x54 C:/devkitPro/devkitARM/bin/../lib/gcc/arm-none-eabi/13.2.0/../../../../arm-none-eabi/lib\libg.a(libc_a-access.o)
                0x02018be0                access
 .text._fseek_r
                0x02018c34       0x20 C:/devkitPro/devkitARM/bin/../lib/gcc/arm-none-eabi/13.2.0/../../../../arm-none-eabi/lib\libg.a(libc_a-fseek.o)
                0x02018c34                _fseek_r
 .text.fseek    0x02018c54       0x38 C:/devkitPro/devkitARM/bin/../lib/gcc/arm-none-eabi/13.2.0/../../../../arm-none-eabi/lib\libg.a(libc_a-fseek.o)
                0x02018c54                fseek
 .text._tzset_unlocked_r
                0x02018c8c      0x688 C:/devkitPro/devkitARM/bin/../lib/gcc/arm-none-eabi/13.2.0/../../../../arm-none-eabi/lib\libg.a(libc_a-tzset_r.o)
                0x02018c8c                _tzset_unlocked_r
 .text._strtol_l.part.0
                0x02019314      0x1b4 C:/devkitPro/devkitARM/bin/../lib/gcc/arm-none-eabi/13.2.0/../../../../arm-none-eabi/lib\libg.a(libc_a-strtol.o)
 .text._strtol_r
                0x020194c8       0x64 C:/devkitPro/devkitARM/bin/../lib/gcc/arm-none-eabi/13.2.0/../../../../arm-none-eabi/lib\libg.a(libc_a-strtol.o)
                0x020194c8                _strtol_r
 .text.realloc  0x0201952c       0x24 C:/devkitPro/devkitARM/bin/../lib/gcc/arm-none-eabi/13.2.0/../../../../arm-none-eabi/lib\libg.a(libc_a-realloc.o)
                0x0201952c                realloc
 .text.__gettzinfo
                0x02019550        0xc C:/devkitPro/devkitARM/bin/../lib/gcc/arm-none-eabi/13.2.0/../../../../arm-none-eabi/lib\libg.a(libc_a-gettzinfo.o)
                0x02019550                __gettzinfo
 .text._strtoul_l.isra.0
                0x0201955c      0x1dc C:/devkitPro/devkitARM/bin/../lib/gcc/arm-none-eabi/13.2.0/../../../../arm-none-eabi/lib\libg.a(libc_a-strtoul.o)
 .text._strtoul_r
                0x02019738       0x30 C:/devkitPro/devkitARM/bin/../lib/gcc/arm-none-eabi/13.2.0/../../../../arm-none-eabi/lib\libg.a(libc_a-strtoul.o)
                0x02019738                _strtoul_r
 .text.strtoul  0x02019768       0x34 C:/devkitPro/devkitARM/bin/../lib/gcc/arm-none-eabi/13.2.0/../../../../arm-none-eabi/lib\libg.a(libc_a-strtoul.o)
                0x02019768                strtoul
 .text.__locale_mb_cur_max
                0x0201979c       0x28 C:/devkitPro/devkitARM/bin/../lib/gcc/arm-none-eabi/13.2.0/../../../../arm-none-eabi/lib\libg.a(libc_a-locale.o)
                0x0201979c                __locale_mb_cur_max
 .text.time     0x020197c4       0x50 C:/devkitPro/devkitARM/bin/../lib/gcc/arm-none-eabi/13.2.0/../../../../arm-none-eabi/lib\libg.a(libc_a-time.o)
                0x020197c4                time
 .text._localeconv_r
                0x02019814       0x28 C:/devkitPro/devkitARM/bin/../lib/gcc/arm-none-eabi/13.2.0/../../../../arm-none-eabi/lib\libg.a(libc_a-localeconv.o)
                0x02019814                _localeconv_r
 .text.__tzcalc_limits
                0x0201983c      0x254 C:/devkitPro/devkitARM/bin/../lib/gcc/arm-none-eabi/13.2.0/../../../../arm-none-eabi/lib\libg.a(libc_a-tzcalc_limits.o)
                0x0201983c                __tzcalc_limits
 .text.strcpy   0x02019a90       0xf0 C:/devkitPro/devkitARM/bin/../lib/gcc/arm-none-eabi/13.2.0/../../../../arm-none-eabi/lib\libg.a(libc_a-strcpy.o)
                0x02019a90                strcpy
 .text.memchr   0x02019b80       0xf0 C:/devkitPro/devkitARM/bin/../lib/gcc/arm-none-eabi/13.2.0/../../../../arm-none-eabi/lib\libg.a(libc_a-memchr-stub.o)
                0x02019b80                memchr
 .text.__utf8_wctomb
                0x02019c70       0xf4 C:/devkitPro/devkitARM/bin/../lib/gcc/arm-none-eabi/13.2.0/../../../../arm-none-eabi/lib\libg.a(libc_a-wctomb_r.o)
                0x02019c70                __utf8_wctomb
 .text.memcpy   0x02019d64      0x114 C:/devkitPro/devkitARM/bin/../lib/gcc/arm-none-eabi/13.2.0/../../../../arm-none-eabi/lib\libg.a(libc_a-memcpy-stub.o)
                0x02019d64                memcpy
 .text.stpcpy   0x02019e78       0x74 C:/devkitPro/devkitARM/bin/../lib/gcc/arm-none-eabi/13.2.0/../../../../arm-none-eabi/lib\libg.a(libc_a-stpcpy.o)
                0x02019e78                stpcpy
 .text.__libc_init_array
                0x02019eec       0x90 C:/devkitPro/devkitARM/bin/../lib/gcc/arm-none-eabi/13.2.0/../../../../arm-none-eabi/lib\libg.a(libc_a-init.o)
                0x02019eec                __libc_init_array
 .text.__errno  0x02019f7c       0x10 C:/devkitPro/devkitARM/bin/../lib/gcc/arm-none-eabi/13.2.0/../../../../arm-none-eabi/lib\libg.a(libc_a-errno.o)
                0x02019f7c                __errno
 .text.lseek    0x02019f8c       0x3c C:/devkitPro/devkitARM/bin/../lib/gcc/arm-none-eabi/13.2.0/../../../../arm-none-eabi/lib\libg.a(libc_a-syslseek.o)
                0x02019f8c                lseek
 .text.open     0x02019fc8       0x40 C:/devkitPro/devkitARM/bin/../lib/gcc/arm-none-eabi/13.2.0/../../../../arm-none-eabi/lib\libg.a(libc_a-sysopen.o)
                0x02019fc8                open
 .text.read     0x0201a008       0x2c C:/devkitPro/devkitARM/bin/../lib/gcc/arm-none-eabi/13.2.0/../../../../arm-none-eabi/lib\libg.a(libc_a-sysread.o)
                0x0201a008                read
 .text.stat     0x0201a034       0x24 C:/devkitPro/devkitARM/bin/../lib/gcc/arm-none-eabi/13.2.0/../../../../arm-none-eabi/lib\libg.a(libc_a-sysstat.o)
                0x0201a034                stat
 .text.frexp    0x0201a058       0xa4 C:/devkitPro/devkitARM/bin/../lib/gcc/arm-none-eabi/13.2.0/../../../../arm-none-eabi/lib\libg.a(libm_a-s_frexp.o)
                0x0201a058                frexp
 .text._strtoll_l.isra.0
                0x0201a0fc      0x23c C:/devkitPro/devkitARM/bin/../lib/gcc/arm-none-eabi/13.2.0/../../../../arm-none-eabi/lib\libg.a(libc_a-strtoll.o)
 .text._strtoll_r
                0x0201a338       0x30 C:/devkitPro/devkitARM/bin/../lib/gcc/arm-none-eabi/13.2.0/../../../../arm-none-eabi/lib\libg.a(libc_a-strtoll.o)
                0x0201a338                _strtoll_r
 .text._strtoull_l.isra.0
                0x0201a368      0x260 C:/devkitPro/devkitARM/bin/../lib/gcc/arm-none-eabi/13.2.0/../../../../arm-none-eabi/lib\libg.a(libc_a-strtoull.o)
 .text._strtoull_r
                0x0201a5c8       0x30 C:/devkitPro/devkitARM/bin/../lib/gcc/arm-none-eabi/13.2.0/../../../../arm-none-eabi/lib\libg.a(libc_a-strtoull.o)
                0x0201a5c8                _strtoull_r
 .text.towctrans_l
                0x0201a5f8      0x244 C:/devkitPro/devkitARM/bin/../lib/gcc/arm-none-eabi/13.2.0/../../../../arm-none-eabi/lib\libg.a(libc_a-towctrans_l.o)
                0x0201a5f8                towctrans_l
 .text.iswspace
                0x0201a83c       0x14 C:/devkitPro/devkitARM/bin/../lib/gcc/arm-none-eabi/13.2.0/../../../../arm-none-eabi/lib\libg.a(libc_a-iswspace.o)
                0x0201a83c                iswspace
 .text.__smakebuf_r
                0x0201a850      0x138 C:/devkitPro/devkitARM/bin/../lib/gcc/arm-none-eabi/13.2.0/../../../../arm-none-eabi/lib\libg.a(libc_a-makebuf.o)
                0x0201a850                __smakebuf_r
 .text.__swhatbuf_r
                0x0201a988       0x80 C:/devkitPro/devkitARM/bin/../lib/gcc/arm-none-eabi/13.2.0/../../../../arm-none-eabi/lib\libg.a(libc_a-makebuf.o)
                0x0201a988                __swhatbuf_r
 .text.iswspace_l
                0x0201aa08       0x40 C:/devkitPro/devkitARM/bin/../lib/gcc/arm-none-eabi/13.2.0/../../../../arm-none-eabi/lib\libg.a(libc_a-iswspace_l.o)
                0x0201aa08                iswspace_l
 .text._mbsnrtowcs_r
                0x0201aa48      0x104 C:/devkitPro/devkitARM/bin/../lib/gcc/arm-none-eabi/13.2.0/../../../../arm-none-eabi/lib\libg.a(libc_a-mbsnrtowcs.o)
                0x0201aa48                _mbsnrtowcs_r
 .text._wcsrtombs_r
                0x0201ab4c       0x2c C:/devkitPro/devkitARM/bin/../lib/gcc/arm-none-eabi/13.2.0/../../../../arm-none-eabi/lib\libg.a(libc_a-wcsrtombs.o)
                0x0201ab4c                _wcsrtombs_r
 .text.__sccl   0x0201ab78       0xe4 C:/devkitPro/devkitARM/bin/../lib/gcc/arm-none-eabi/13.2.0/../../../../arm-none-eabi/lib\libg.a(libc_a-sccl.o)
                0x0201ab78                __sccl
 .text.lflush   0x0201ac5c       0x3c C:/devkitPro/devkitARM/bin/../lib/gcc/arm-none-eabi/13.2.0/../../../../arm-none-eabi/lib\libg.a(libc_a-refill.o)
 .text.__srefill_r
                0x0201ac98      0x19c C:/devkitPro/devkitARM/bin/../lib/gcc/arm-none-eabi/13.2.0/../../../../arm-none-eabi/lib\libg.a(libc_a-refill.o)
                0x0201ac98                __srefill_r
 .text.__submore
                0x0201ae34       0xa8 C:/devkitPro/devkitARM/bin/../lib/gcc/arm-none-eabi/13.2.0/../../../../arm-none-eabi/lib\libg.a(libc_a-ungetc.o)
                0x0201ae34                __submore
 .text.__sread  0x0201aedc       0x4c C:/devkitPro/devkitARM/bin/../lib/gcc/arm-none-eabi/13.2.0/../../../../arm-none-eabi/lib\libg.a(libc_a-stdio.o)
                0x0201aedc                __sread
 .text.__seofread
                0x0201af28        0x8 C:/devkitPro/devkitARM/bin/../lib/gcc/arm-none-eabi/13.2.0/../../../../arm-none-eabi/lib\libg.a(libc_a-stdio.o)
                0x0201af28                __seofread
 .text.__swrite
                0x0201af30       0x6c C:/devkitPro/devkitARM/bin/../lib/gcc/arm-none-eabi/13.2.0/../../../../arm-none-eabi/lib\libg.a(libc_a-stdio.o)
                0x0201af30                __swrite
 .text.__sseek  0x0201af9c       0x48 C:/devkitPro/devkitARM/bin/../lib/gcc/arm-none-eabi/13.2.0/../../../../arm-none-eabi/lib\libg.a(libc_a-stdio.o)
                0x0201af9c                __sseek
 .text.__sclose
                0x0201afe4       0x14 C:/devkitPro/devkitARM/bin/../lib/gcc/arm-none-eabi/13.2.0/../../../../arm-none-eabi/lib\libg.a(libc_a-stdio.o)
                0x0201afe4                __sclose
 .text.category
                0x0201aff8       0x98 C:/devkitPro/devkitARM/bin/../lib/gcc/arm-none-eabi/13.2.0/../../../../arm-none-eabi/lib\libg.a(libc_a-categories.o)
                0x0201aff8                category
 .text.get_arg  0x0201b090      0x654 C:/devkitPro/devkitARM/bin/../lib/gcc/arm-none-eabi/13.2.0/../../../../arm-none-eabi/lib\libg.a(libc_a-vfiprintf.o)
 .text.__sprint_r
                0x0201b6e4       0x34 C:/devkitPro/devkitARM/bin/../lib/gcc/arm-none-eabi/13.2.0/../../../../arm-none-eabi/lib\libg.a(libc_a-vfiprintf.o)
                0x0201b6e4                __sprint_r
 .text._vfiprintf_r
                0x0201b718     0x2334 C:/devkitPro/devkitARM/bin/../lib/gcc/arm-none-eabi/13.2.0/../../../../arm-none-eabi/lib\libg.a(libc_a-vfiprintf.o)
                0x0201b718                _vfiprintf_r
 .text.__sbprintf
                0x0201da4c       0xbc C:/devkitPro/devkitARM/bin/../lib/gcc/arm-none-eabi/13.2.0/../../../../arm-none-eabi/lib\libg.a(libc_a-vfiprintf.o)
 .text.__ssprint_r
                0x0201db08      0x190 C:/devkitPro/devkitARM/bin/../lib/gcc/arm-none-eabi/13.2.0/../../../../arm-none-eabi/lib\libg.a(libc_a-svfiprintf.o)
                0x0201db08                __ssprint_r
 .text.div      0x0201dc98       0x2c C:/devkitPro/devkitARM/bin/../lib/gcc/arm-none-eabi/13.2.0/../../../../arm-none-eabi/lib\libg.a(libc_a-div.o)
                0x0201dc98                div
 .text.__swsetup_r
                0x0201dcc4      0x144 C:/devkitPro/devkitARM/bin/../lib/gcc/arm-none-eabi/13.2.0/../../../../arm-none-eabi/lib\libg.a(libc_a-wsetup.o)
                0x0201dcc4                __swsetup_r
 .text.quorem   0x0201de08      0x1d8 C:/devkitPro/devkitARM/bin/../lib/gcc/arm-none-eabi/13.2.0/../../../../arm-none-eabi/lib\libg.a(libc_a-dtoa.o)
 .text._dtoa_r  0x0201dfe0     0x16cc C:/devkitPro/devkitARM/bin/../lib/gcc/arm-none-eabi/13.2.0/../../../../arm-none-eabi/lib\libg.a(libc_a-dtoa.o)
                0x0201dfe0                _dtoa_r
 .text._fseeko_r
                0x0201f6ac      0x5a4 C:/devkitPro/devkitARM/bin/../lib/gcc/arm-none-eabi/13.2.0/../../../../arm-none-eabi/lib\libg.a(libc_a-fseeko.o)
                0x0201f6ac                _fseeko_r
 .text._findenv_r
                0x0201fc50       0xd0 C:/devkitPro/devkitARM/bin/../lib/gcc/arm-none-eabi/13.2.0/../../../../arm-none-eabi/lib\libg.a(libc_a-getenv_r.o)
                0x0201fc50                _findenv_r
 .text._getenv_r
                0x0201fd20       0x1c C:/devkitPro/devkitARM/bin/../lib/gcc/arm-none-eabi/13.2.0/../../../../arm-none-eabi/lib\libg.a(libc_a-getenv_r.o)
                0x0201fd20                _getenv_r
 .text._ftello_r
                0x0201fd3c      0x1c0 C:/devkitPro/devkitARM/bin/../lib/gcc/arm-none-eabi/13.2.0/../../../../arm-none-eabi/lib\libg.a(libc_a-ftello.o)
                0x0201fd3c                _ftello_r
 .text.__sflags
                0x0201fefc       0xbc C:/devkitPro/devkitARM/bin/../lib/gcc/arm-none-eabi/13.2.0/../../../../arm-none-eabi/lib\libg.a(libc_a-flags.o)
                0x0201fefc                __sflags
 .text._Balloc  0x0201ffb8       0x8c C:/devkitPro/devkitARM/bin/../lib/gcc/arm-none-eabi/13.2.0/../../../../arm-none-eabi/lib\libg.a(libc_a-mprec.o)
                0x0201ffb8                _Balloc
 .text._Bfree   0x02020044       0x1c C:/devkitPro/devkitARM/bin/../lib/gcc/arm-none-eabi/13.2.0/../../../../arm-none-eabi/lib\libg.a(libc_a-mprec.o)
                0x02020044                _Bfree
 .text.__multadd
                0x02020060      0x100 C:/devkitPro/devkitARM/bin/../lib/gcc/arm-none-eabi/13.2.0/../../../../arm-none-eabi/lib\libg.a(libc_a-mprec.o)
                0x02020060                __multadd
 .text.__hi0bits
                0x02020160       0x60 C:/devkitPro/devkitARM/bin/../lib/gcc/arm-none-eabi/13.2.0/../../../../arm-none-eabi/lib\libg.a(libc_a-mprec.o)
                0x02020160                __hi0bits
 .text.__lo0bits
                0x020201c0       0xa0 C:/devkitPro/devkitARM/bin/../lib/gcc/arm-none-eabi/13.2.0/../../../../arm-none-eabi/lib\libg.a(libc_a-mprec.o)
                0x020201c0                __lo0bits
 .text.__i2b    0x02020260       0xac C:/devkitPro/devkitARM/bin/../lib/gcc/arm-none-eabi/13.2.0/../../../../arm-none-eabi/lib\libg.a(libc_a-mprec.o)
                0x02020260                __i2b
 .text.__multiply
                0x0202030c      0x218 C:/devkitPro/devkitARM/bin/../lib/gcc/arm-none-eabi/13.2.0/../../../../arm-none-eabi/lib\libg.a(libc_a-mprec.o)
                0x0202030c                __multiply
 .text.__pow5mult
                0x02020524      0x12c C:/devkitPro/devkitARM/bin/../lib/gcc/arm-none-eabi/13.2.0/../../../../arm-none-eabi/lib\libg.a(libc_a-mprec.o)
                0x02020524                __pow5mult
 .text.__lshift
                0x02020650      0x144 C:/devkitPro/devkitARM/bin/../lib/gcc/arm-none-eabi/13.2.0/../../../../arm-none-eabi/lib\libg.a(libc_a-mprec.o)
                0x02020650                __lshift
 .text.__mcmp   0x02020794       0x54 C:/devkitPro/devkitARM/bin/../lib/gcc/arm-none-eabi/13.2.0/../../../../arm-none-eabi/lib\libg.a(libc_a-mprec.o)
                0x02020794                __mcmp
 .text.__mdiff  0x020207e8      0x214 C:/devkitPro/devkitARM/bin/../lib/gcc/arm-none-eabi/13.2.0/../../../../arm-none-eabi/lib\libg.a(libc_a-mprec.o)
                0x020207e8                __mdiff
 .text.__d2b    0x020209fc      0x128 C:/devkitPro/devkitARM/bin/../lib/gcc/arm-none-eabi/13.2.0/../../../../arm-none-eabi/lib\libg.a(libc_a-mprec.o)
                0x020209fc                __d2b
 .text.__sfvwrite_r
                0x02020b24      0x4c8 C:/devkitPro/devkitARM/bin/../lib/gcc/arm-none-eabi/13.2.0/../../../../arm-none-eabi/lib\libg.a(libc_a-fvwrite.o)
                0x02020b24                __sfvwrite_r
 .text.gmtime_r
                0x02020fec      0x26c C:/devkitPro/devkitARM/bin/../lib/gcc/arm-none-eabi/13.2.0/../../../../arm-none-eabi/lib\libg.a(libc_a-gmtime_r.o)
                0x02020fec                gmtime_r
 .text._realloc_r
                0x02021258      0x4b8 C:/devkitPro/devkitARM/bin/../lib/gcc/arm-none-eabi/13.2.0/../../../../arm-none-eabi/lib\libg.a(libc_a-reallocr.o)
                0x02021258                _realloc_r
 .text.__tz_lock
                0x02021710       0x18 C:/devkitPro/devkitARM/bin/../lib/gcc/arm-none-eabi/13.2.0/../../../../arm-none-eabi/lib\libg.a(libc_a-tzlock.o)
                0x02021710                __tz_lock
 .text.__tz_unlock
                0x02021728       0x18 C:/devkitPro/devkitARM/bin/../lib/gcc/arm-none-eabi/13.2.0/../../../../arm-none-eabi/lib\libg.a(libc_a-tzlock.o)
                0x02021728                __tz_unlock
 .text.__utf8_mbtowc
                0x02021740      0x308 C:/devkitPro/devkitARM/bin/../lib/gcc/arm-none-eabi/13.2.0/../../../../arm-none-eabi/lib\libg.a(libc_a-mbtowc_r.o)
                0x02021740                __utf8_mbtowc
 .text._wcsnrtombs_l
                0x02021a48      0x198 C:/devkitPro/devkitARM/bin/../lib/gcc/arm-none-eabi/13.2.0/../../../../arm-none-eabi/lib\libg.a(libc_a-wcsnrtombs.o)
                0x02021a48                _wcsnrtombs_l
 .text._wcsnrtombs_r
                0x02021be0       0x68 C:/devkitPro/devkitARM/bin/../lib/gcc/arm-none-eabi/13.2.0/../../../../arm-none-eabi/lib\libg.a(libc_a-wcsnrtombs.o)
                0x02021be0                _wcsnrtombs_r
 .text.__env_lock
                0x02021c48       0x18 C:/devkitPro/devkitARM/bin/../lib/gcc/arm-none-eabi/13.2.0/../../../../arm-none-eabi/lib\libg.a(libc_a-envlock.o)
                0x02021c48                __env_lock
 .text.__env_unlock
                0x02021c60       0x18 C:/devkitPro/devkitARM/bin/../lib/gcc/arm-none-eabi/13.2.0/../../../../arm-none-eabi/lib\libg.a(libc_a-envlock.o)
                0x02021c60                __env_unlock
 .text.__assert_func
                0x02021c78       0x5c C:/devkitPro/devkitARM/bin/../lib/gcc/arm-none-eabi/13.2.0/../../../../arm-none-eabi/lib\libg.a(libc_a-assert.o)
                0x02021c78                __assert_func
 .text.fiprintf
                0x02021cd4       0x3c C:/devkitPro/devkitARM/bin/../lib/gcc/arm-none-eabi/13.2.0/../../../../arm-none-eabi/lib\libg.a(libc_a-fiprintf.o)
                0x02021cd4                fiprintf
 .text.abort    0x02021d10       0x14 C:/devkitPro/devkitARM/bin/../lib/gcc/arm-none-eabi/13.2.0/../../../../arm-none-eabi/lib\libg.a(libc_a-abort.o)
                0x02021d10                abort
 .text._raise_r
                0x02021d24       0x94 C:/devkitPro/devkitARM/bin/../lib/gcc/arm-none-eabi/13.2.0/../../../../arm-none-eabi/lib\libg.a(libc_a-signal.o)
                0x02021d24                _raise_r
 .text.raise    0x02021db8       0x18 C:/devkitPro/devkitARM/bin/../lib/gcc/arm-none-eabi/13.2.0/../../../../arm-none-eabi/lib\libg.a(libc_a-signal.o)
                0x02021db8                raise
 .text._exit    0x02021dd0       0x20 C:/devkitPro/devkitARM/bin/../lib/gcc/arm-none-eabi/13.2.0/../../../../arm-none-eabi/lib\libsysbase.a(libsysbase_libsysbase_a-_exit.o)
                0x02021dd0                _exit
 .text.build_argv
                0x02021df0       0x90 C:/devkitPro/devkitARM/bin/../lib/gcc/arm-none-eabi/13.2.0/../../../../arm-none-eabi/lib\libsysbase.a(libsysbase_libsysbase_a-build_argv.o)
                0x02021df0                build_argv
 .text.chdir    0x02021e80      0x144 C:/devkitPro/devkitARM/bin/../lib/gcc/arm-none-eabi/13.2.0/../../../../arm-none-eabi/lib\libsysbase.a(libsysbase_libsysbase_a-chdir.o)
                0x02021e80                chdir
 .text.getcwd   0x02021fc4       0x8c C:/devkitPro/devkitARM/bin/../lib/gcc/arm-none-eabi/13.2.0/../../../../arm-none-eabi/lib\libsysbase.a(libsysbase_libsysbase_a-chdir.o)
                0x02021fc4                getcwd
 .text._concatenate_path
                0x02022050      0x1d4 C:/devkitPro/devkitARM/bin/../lib/gcc/arm-none-eabi/13.2.0/../../../../arm-none-eabi/lib\libsysbase.a(libsysbase_libsysbase_a-concatenate.o)
                0x02022050                _concatenate_path
 .text._fstat_r
                0x02022224       0x7c C:/devkitPro/devkitARM/bin/../lib/gcc/arm-none-eabi/13.2.0/../../../../arm-none-eabi/lib\libsysbase.a(libsysbase_libsysbase_a-fstat.o)
                0x02022224                _fstat_r
 .text._getpid_r
                0x020222a0       0x14 C:/devkitPro/devkitARM/bin/../lib/gcc/arm-none-eabi/13.2.0/../../../../arm-none-eabi/lib\libsysbase.a(libsysbase_libsysbase_a-getpid.o)
                0x020222a0                _getpid_r
 .text.__getreent
                0x020222b4       0x30 C:/devkitPro/devkitARM/bin/../lib/gcc/arm-none-eabi/13.2.0/../../../../arm-none-eabi/lib\libsysbase.a(libsysbase_libsysbase_a-getreent.o)
                0x020222b4                __getreent
 .text._gettimeofday_r
                0x020222e4       0x34 C:/devkitPro/devkitARM/bin/../lib/gcc/arm-none-eabi/13.2.0/../../../../arm-none-eabi/lib\libsysbase.a(libsysbase_libsysbase_a-gettod.o)
                0x020222e4                _gettimeofday_r
 .text.__release_handle
                0x02022318       0x90 C:/devkitPro/devkitARM/bin/../lib/gcc/arm-none-eabi/13.2.0/../../../../arm-none-eabi/lib\libsysbase.a(libsysbase_libsysbase_a-handle_manager.o)
                0x02022318                __release_handle
 .text.__alloc_handle
                0x020223a8       0xb4 C:/devkitPro/devkitARM/bin/../lib/gcc/arm-none-eabi/13.2.0/../../../../arm-none-eabi/lib\libsysbase.a(libsysbase_libsysbase_a-handle_manager.o)
                0x020223a8                __alloc_handle
 .text.__get_handle
                0x0202245c       0x40 C:/devkitPro/devkitARM/bin/../lib/gcc/arm-none-eabi/13.2.0/../../../../arm-none-eabi/lib\libsysbase.a(libsysbase_libsysbase_a-handle_manager.o)
                0x0202245c                __get_handle
 .text._close_r
                0x0202249c       0xfc C:/devkitPro/devkitARM/bin/../lib/gcc/arm-none-eabi/13.2.0/../../../../arm-none-eabi/lib\libsysbase.a(libsysbase_libsysbase_a-handle_manager.o)
                0x0202249c                _close_r
 .text.null_write
                0x02022598        0x8 C:/devkitPro/devkitARM/bin/../lib/gcc/arm-none-eabi/13.2.0/../../../../arm-none-eabi/lib\libsysbase.a(libsysbase_libsysbase_a-iosupport.o)
 .text.setDefaultDevice
                0x020225a0       0x18 C:/devkitPro/devkitARM/bin/../lib/gcc/arm-none-eabi/13.2.0/../../../../arm-none-eabi/lib\libsysbase.a(libsysbase_libsysbase_a-iosupport.o)
                0x020225a0                setDefaultDevice
 .text.FindDevice
                0x020225b8       0xd4 C:/devkitPro/devkitARM/bin/../lib/gcc/arm-none-eabi/13.2.0/../../../../arm-none-eabi/lib\libsysbase.a(libsysbase_libsysbase_a-iosupport.o)
                0x020225b8                FindDevice
 .text.AddDevice
                0x0202268c       0xa4 C:/devkitPro/devkitARM/bin/../lib/gcc/arm-none-eabi/13.2.0/../../../../arm-none-eabi/lib\libsysbase.a(libsysbase_libsysbase_a-iosupport.o)
                0x0202268c                AddDevice
 .text.GetDeviceOpTab
                0x02022730       0x24 C:/devkitPro/devkitARM/bin/../lib/gcc/arm-none-eabi/13.2.0/../../../../arm-none-eabi/lib\libsysbase.a(libsysbase_libsysbase_a-iosupport.o)
                0x02022730                GetDeviceOpTab
 .text._isatty_r
                0x02022754        0x8 C:/devkitPro/devkitARM/bin/../lib/gcc/arm-none-eabi/13.2.0/../../../../arm-none-eabi/lib\libsysbase.a(libsysbase_libsysbase_a-isatty.o)
                0x02022754                _isatty_r
 .text._kill_r  0x0202275c       0x14 C:/devkitPro/devkitARM/bin/../lib/gcc/arm-none-eabi/13.2.0/../../../../arm-none-eabi/lib\libsysbase.a(libsysbase_libsysbase_a-kill.o)
                0x0202275c                _kill_r
 .text._lseek_r
                0x02022770       0x88 C:/devkitPro/devkitARM/bin/../lib/gcc/arm-none-eabi/13.2.0/../../../../arm-none-eabi/lib\libsysbase.a(libsysbase_libsysbase_a-lseek.o)
                0x02022770                _lseek_r
 .text._open_r  0x020227f8       0xc4 C:/devkitPro/devkitARM/bin/../lib/gcc/arm-none-eabi/13.2.0/../../../../arm-none-eabi/lib\libsysbase.a(libsysbase_libsysbase_a-open.o)
                0x020227f8                _open_r
 .text._read_r  0x020228bc       0x84 C:/devkitPro/devkitARM/bin/../lib/gcc/arm-none-eabi/13.2.0/../../../../arm-none-eabi/lib\libsysbase.a(libsysbase_libsysbase_a-read.o)
                0x020228bc                _read_r
 .text._sbrk_r  0x02022940       0x7c C:/devkitPro/devkitARM/bin/../lib/gcc/arm-none-eabi/13.2.0/../../../../arm-none-eabi/lib\libsysbase.a(libsysbase_libsysbase_a-sbrk.o)
                0x02022940                _sbrk_r
 .text._stat_r  0x020229bc       0x74 C:/devkitPro/devkitARM/bin/../lib/gcc/arm-none-eabi/13.2.0/../../../../arm-none-eabi/lib\libsysbase.a(libsysbase_libsysbase_a-stat.o)
                0x020229bc                _stat_r
 .text.__libc_lock_acquire
                0x02022a30       0x20 C:/devkitPro/devkitARM/bin/../lib/gcc/arm-none-eabi/13.2.0/../../../../arm-none-eabi/lib\libsysbase.a(libsysbase_libsysbase_a-syscall_support.o)
                0x02022a30                __libc_lock_acquire
 .text.__libc_lock_release
                0x02022a50       0x20 C:/devkitPro/devkitARM/bin/../lib/gcc/arm-none-eabi/13.2.0/../../../../arm-none-eabi/lib\libsysbase.a(libsysbase_libsysbase_a-syscall_support.o)
                0x02022a50                __libc_lock_release
 .text.__libc_lock_acquire_recursive
                0x02022a70       0x20 C:/devkitPro/devkitARM/bin/../lib/gcc/arm-none-eabi/13.2.0/../../../../arm-none-eabi/lib\libsysbase.a(libsysbase_libsysbase_a-syscall_support.o)
                0x02022a70                __libc_lock_acquire_recursive
 .text.__libc_lock_release_recursive
                0x02022a90       0x20 C:/devkitPro/devkitARM/bin/../lib/gcc/arm-none-eabi/13.2.0/../../../../arm-none-eabi/lib\libsysbase.a(libsysbase_libsysbase_a-syscall_support.o)
                0x02022a90                __libc_lock_release_recursive
 .text._write_r
                0x02022ab0       0x84 C:/devkitPro/devkitARM/bin/../lib/gcc/arm-none-eabi/13.2.0/../../../../arm-none-eabi/lib\libsysbase.a(libsysbase_libsysbase_a-write.o)
                0x02022ab0                _write_r
 *fill*         0x02022b34        0x4 ff
 .text._write_r.__stub
                0x02022b38      0x2d8 linker stubs
 *(EXCLUDE_FILE(*.twl*) .gnu.warning)
 *(EXCLUDE_FILE(*.twl*) .gnu.linkonce.t*)
 *(.glue_7)
 .glue_7        0x02022e58        0x0 linker stubs
 *(.glue_7t)
 .glue_7t       0x02022e58        0x0 linker stubs
                0x02022e58                        . = ALIGN (0x4)

.vfp11_veneer   0x02022e58        0x0
 .vfp11_veneer  0x02022e58        0x0 linker stubs

.v4_bx          0x02022e58        0x0
 .v4_bx         0x02022e58        0x0 linker stubs

.iplt           0x02022e58        0x0
 .iplt          0x02022e58        0x0 C:/devkitPro/devkitARM/bin/../lib/gcc/arm-none-eabi/13.2.0/../../../../arm-none-eabi/lib/ds_arm9_crt0.o

.fini           0x02022e58       0x18
 *(.fini)
 .fini          0x02022e58        0xc C:/devkitPro/devkitARM/bin/../lib/gcc/arm-none-eabi/13.2.0/crti.o
                0x02022e58                _fini
 .fini          0x02022e64        0xc C:/devkitPro/devkitARM/bin/../lib/gcc/arm-none-eabi/13.2.0/crtn.o
                0x02022e70                        __text_end = .

.rodata         0x02022e70     0x6950
 *(EXCLUDE_FILE(*.twl*) .rodata)
 .rodata        0x02022e70       0x50 C:/devkitPro/nflib/lib\libnflib.a(nf_basic.o)
 .rodata        0x02022ec0      0x170 C:/devkitPro/nflib/lib\libnflib.a(nf_text.o)
 *all.rodata*(*)
 *(EXCLUDE_FILE(*.twl*) .roda)
 *(EXCLUDE_FILE(*.twl*) .rodata.*)
 .rodata.str1.4
                0x02023030      0x980 main.o
                                 0x8f (size before relaxing)
 .rodata.str1.4
                0x020239b0       0x27 C:/devkitPro/nflib/lib\libnflib.a(nf_2d.o)
 .rodata.str1.4
                0x020239b0      0x667 C:/devkitPro/nflib/lib\libnflib.a(nf_basic.o)
 .rodata.str1.4
                0x020239b0       0x35 C:/devkitPro/nflib/lib\libnflib.a(nf_text.o)
 .rodata.str1.4
                0x020239b0       0x70 C:/devkitPro/nflib/lib\libnflib.a(nf_tiledbg.o)
 .rodata.nitroFSInit.str1.4
                0x020239b0        0x8 C:/devkitPro/libnds/lib\libfilesystem.a(nitrofs.o)
 .rodata.str1.4
                0x020239b0        0xe C:/devkitPro/libnds/lib\libfilesystem.a(nitrofs.o)
 .rodata.fatMount.part.0.str1.4
                0x020239b0        0x2 C:/devkitPro/libnds/lib\libfat.a(libfat.o)
 .rodata.fatInit.str1.4
                0x020239b0        0x3 C:/devkitPro/libnds/lib\libfat.a(libfat.o)
 .rodata.str1.4
                0x020239b0        0x4 C:/devkitPro/libnds/lib\libfat.a(libfat.o)
 .rodata.dotab_fat
                0x020239b0       0x70 C:/devkitPro/libnds/lib\libfat.a(libfat.o)
 .rodata.str1.4
                0x02023a20        0x8 C:/devkitPro/libnds/lib\libfat.a(disc.o)
 .rodata._FAT_disc_interfaces
                0x02023a20       0x18 C:/devkitPro/libnds/lib\libfat.a(disc.o)
                0x02023a20                _FAT_disc_interfaces
 .rodata._FAT_directory_entryFromPath.str1.4
                0x02023a38        0x7 C:/devkitPro/libnds/lib\libfat.a(directory.o)
 .rodata.ILLEGAL_ALIAS_CHARACTERS
                0x02023a38       0x12 C:/devkitPro/libnds/lib\libfat.a(directory.o)
 *fill*         0x02023a4a        0x2 ff
 .rodata.ILLEGAL_LFN_CHARACTERS
                0x02023a4c        0xa C:/devkitPro/libnds/lib\libfat.a(directory.o)
 *fill*         0x02023a56        0x2 ff
 .rodata.LFN_offset_table
                0x02023a58       0x34 C:/devkitPro/libnds/lib\libfat.a(directory.o)
 .rodata.FAT_SIG
                0x02023a8c        0x3 C:/devkitPro/libnds/lib\libfat.a(partition.o)
 *fill*         0x02023a8f        0x1 ff
 .rodata.FS_TWL_SIG
                0x02023a90        0x8 C:/devkitPro/libnds/lib\libfat.a(partition.o)
 .rodata.con_write.str1.4
                0x02023a98       0x30 C:/devkitPro/libnds/lib\libnds9.a(console.o)
 .rodata.con_write
                0x02023a98       0xd4 C:/devkitPro/libnds/lib\libnds9.a(console.o)
 .rodata.str1.4
                0x02023b6c       0x14 C:/devkitPro/libnds/lib\libnds9.a(console.o)
 .rodata.dotab_stdout
                0x02023b6c       0x70 C:/devkitPro/libnds/lib\libnds9.a(console.o)
 .rodata.default_font_bin
                0x02023bdc     0x2000 C:/devkitPro/libnds/lib\libnds9.a(default_font.bin.o)
                0x02023bdc                default_font_bin
                0x02025bdc                default_font_bin_end
 .rodata.SIN_LUT
                0x02025bdc      0x102 C:/devkitPro/libnds/lib\libnds9.a(trig.o)
                0x02025bdc                SIN_LUT
 .rodata._mbrtowc_r.str1.4
                0x02025cde        0x1 C:/devkitPro/devkitARM/bin/../lib/gcc/arm-none-eabi/13.2.0/../../../../arm-none-eabi/lib\libg.a(libc_a-mbrtowc.o)
 *fill*         0x02025cde        0x2 ff
 .rodata._ctype_
                0x02025ce0      0x101 C:/devkitPro/devkitARM/bin/../lib/gcc/arm-none-eabi/13.2.0/../../../../arm-none-eabi/lib\libg.a(libc_a-ctype_.o)
                0x02025ce0                _ctype_
 *fill*         0x02025de1        0x3 ff
 .rodata.basefix.0
                0x02025de4       0x22 C:/devkitPro/devkitARM/bin/../lib/gcc/arm-none-eabi/13.2.0/../../../../arm-none-eabi/lib\libg.a(libc_a-svfiscanf.o)
 .rodata._svfprintf_r.str1.1
                0x02025e06       0x3b C:/devkitPro/devkitARM/bin/../lib/gcc/arm-none-eabi/13.2.0/../../../../arm-none-eabi/lib\libg.a(libc_a-svfprintf.o)
 *fill*         0x02025e41        0x3 ff
 .rodata.zeroes.0
                0x02025e44       0x10 C:/devkitPro/devkitARM/bin/../lib/gcc/arm-none-eabi/13.2.0/../../../../arm-none-eabi/lib\libg.a(libc_a-svfprintf.o)
 .rodata.blanks.1
                0x02025e54       0x10 C:/devkitPro/devkitARM/bin/../lib/gcc/arm-none-eabi/13.2.0/../../../../arm-none-eabi/lib\libg.a(libc_a-svfprintf.o)
 .rodata._DAYS_BEFORE_MONTH
                0x02025e64       0x30 C:/devkitPro/devkitARM/bin/../lib/gcc/arm-none-eabi/13.2.0/../../../../arm-none-eabi/lib\libg.a(libc_a-mktime.o)
 .rodata.DAYS_IN_MONTH
                0x02025e94       0x30 C:/devkitPro/devkitARM/bin/../lib/gcc/arm-none-eabi/13.2.0/../../../../arm-none-eabi/lib\libg.a(libc_a-mktime.o)
 .rodata._tzset_unlocked_r.str1.4
                0x02025ec4       0x6b C:/devkitPro/devkitARM/bin/../lib/gcc/arm-none-eabi/13.2.0/../../../../arm-none-eabi/lib\libg.a(libc_a-tzset_r.o)
 .rodata.__month_lengths
                0x02025ec4       0x60 C:/devkitPro/devkitARM/bin/../lib/gcc/arm-none-eabi/13.2.0/../../../../arm-none-eabi/lib\libg.a(libc_a-month_lengths.o)
                0x02025ec4                __month_lengths
 .rodata.str1.4
                0x02025f24        0x4 C:/devkitPro/devkitARM/bin/../lib/gcc/arm-none-eabi/13.2.0/../../../../arm-none-eabi/lib\libg.a(libc_a-tzvars.o)
 .rodata.str1.4
                0x02025f24       0x4c C:/devkitPro/devkitARM/bin/../lib/gcc/arm-none-eabi/13.2.0/../../../../arm-none-eabi/lib\libg.a(libc_a-locale.o)
 .rodata.categories
                0x02025f24     0x3528 C:/devkitPro/devkitARM/bin/../lib/gcc/arm-none-eabi/13.2.0/../../../../arm-none-eabi/lib\libg.a(libc_a-categories.o)
 .rodata._vfiprintf_r.str1.1
                0x0202944c       0x29 C:/devkitPro/devkitARM/bin/../lib/gcc/arm-none-eabi/13.2.0/../../../../arm-none-eabi/lib\libg.a(libc_a-vfiprintf.o)
 .rodata.zeroes.0
                0x0202944c       0x10 C:/devkitPro/devkitARM/bin/../lib/gcc/arm-none-eabi/13.2.0/../../../../arm-none-eabi/lib\libg.a(libc_a-vfiprintf.o)
 .rodata.blanks.1
                0x0202945c       0x10 C:/devkitPro/devkitARM/bin/../lib/gcc/arm-none-eabi/13.2.0/../../../../arm-none-eabi/lib\libg.a(libc_a-vfiprintf.o)
 .rodata.__action_table
                0x0202946c       0x6c C:/devkitPro/devkitARM/bin/../lib/gcc/arm-none-eabi/13.2.0/../../../../arm-none-eabi/lib\libg.a(libc_a-svfiprintf.o)
                0x0202946c                __action_table
 .rodata.__state_table
                0x020294d8       0x6c C:/devkitPro/devkitARM/bin/../lib/gcc/arm-none-eabi/13.2.0/../../../../arm-none-eabi/lib\libg.a(libc_a-svfiprintf.o)
                0x020294d8                __state_table
 .rodata.__chclass
                0x02029544      0x100 C:/devkitPro/devkitARM/bin/../lib/gcc/arm-none-eabi/13.2.0/../../../../arm-none-eabi/lib\libg.a(libc_a-svfiprintf.o)
                0x02029544                __chclass
 .rodata._dtoa_r.str1.4
                0x02029644       0x64 C:/devkitPro/devkitARM/bin/../lib/gcc/arm-none-eabi/13.2.0/../../../../arm-none-eabi/lib\libg.a(libc_a-dtoa.o)
 .rodata.__multadd.str1.4
                0x02029644       0x51 C:/devkitPro/devkitARM/bin/../lib/gcc/arm-none-eabi/13.2.0/../../../../arm-none-eabi/lib\libg.a(libc_a-mprec.o)
 .rodata.p05.0  0x02029644        0xc C:/devkitPro/devkitARM/bin/../lib/gcc/arm-none-eabi/13.2.0/../../../../arm-none-eabi/lib\libg.a(libc_a-mprec.o)
 .rodata.__mprec_bigtens
                0x02029650       0x28 C:/devkitPro/devkitARM/bin/../lib/gcc/arm-none-eabi/13.2.0/../../../../arm-none-eabi/lib\libg.a(libc_a-mprec.o)
                0x02029650                __mprec_bigtens
 .rodata.__mprec_tens
                0x02029678       0xc8 C:/devkitPro/devkitARM/bin/../lib/gcc/arm-none-eabi/13.2.0/../../../../arm-none-eabi/lib\libg.a(libc_a-mprec.o)
                0x02029678                __mprec_tens
 .rodata.__assert_func.str1.4
                0x02029740       0x43 C:/devkitPro/devkitARM/bin/../lib/gcc/arm-none-eabi/13.2.0/../../../../arm-none-eabi/lib\libg.a(libc_a-assert.o)
 .rodata.AddDevice.str1.4
                0x02029740        0x8 C:/devkitPro/devkitARM/bin/../lib/gcc/arm-none-eabi/13.2.0/../../../../arm-none-eabi/lib\libsysbase.a(libsysbase_libsysbase_a-iosupport.o)
 .rodata.dotab_stdnull
                0x02029740       0x80 C:/devkitPro/devkitARM/bin/../lib/gcc/arm-none-eabi/13.2.0/../../../../arm-none-eabi/lib\libsysbase.a(libsysbase_libsysbase_a-iosupport.o)
                0x02029740                dotab_stdnull
 *(EXCLUDE_FILE(*.twl*) .gnu.linkonce.r*)
                0x020297c0                        . = ALIGN (0x4)

.ARM.extab
 *(.ARM.extab* .gnu.linkonce.armextab.*)
                0x020297c0                        __exidx_start = .

ARM.exidx
 *(.ARM.exidx* .gnu.linkonce.armexidx.*)
                0x020297c0                        __exidx_end = .
                0x020297c0                        . = ALIGN (0x4)
                0x020297c0                        PROVIDE (__preinit_array_start = .)

.preinit_array
 *(.preinit_array)
                0x020297c0                        PROVIDE (__preinit_array_end = .)
                0x020297c0                        PROVIDE (__init_array_start = .)

.init_array     0x020297c0        0x4
 *(SORT_BY_NAME(.init_array.*))
 *(.init_array)
 .init_array    0x020297c0        0x4 C:/devkitPro/devkitARM/bin/../lib/gcc/arm-none-eabi/13.2.0/crtbegin.o
                0x020297c4                        PROVIDE (__init_array_end = .)
                [!provide]                        PROVIDE (__fini_array_start = .)

.fini_array     0x020297c4        0x4
 *(.fini_array)
 .fini_array    0x020297c4        0x4 C:/devkitPro/devkitARM/bin/../lib/gcc/arm-none-eabi/13.2.0/crtbegin.o
 *(SORT_BY_NAME(.fini_array.*))
                [!provide]                        PROVIDE (__fini_array_end = .)

.ctors          0x020297c8        0x0
 *crtbegin.o(.ctors)
 *(EXCLUDE_FILE(*crtend.o) .ctors)
 *(SORT_BY_NAME(.ctors.*))
 *(.ctors)
                0x020297c8                        . = ALIGN (0x4)

.dtors          0x020297c8        0x0
 *crtbegin.o(.dtors)
 *(EXCLUDE_FILE(*crtend.o) .dtors)
 *(SORT_BY_NAME(.dtors.*))
 *(.dtors)
                0x020297c8                        . = ALIGN (0x4)

.eh_frame       0x020297c8        0x4
 *(.eh_frame)
 .eh_frame      0x020297c8        0x0 C:/devkitPro/devkitARM/bin/../lib/gcc/arm-none-eabi/13.2.0/crtbegin.o
 .eh_frame      0x020297c8        0x4 C:/devkitPro/devkitARM/bin/../lib/gcc/arm-none-eabi/13.2.0/crtend.o
                0x020297cc                        . = ALIGN (0x4)

.gcc_except_table
                0x020297cc        0x0
 *(.gcc_except_table)
                0x020297cc                        . = ALIGN (0x4)

.jcr
 *(.jcr)

.got
 *(.got.plt)
 *(.got)
 *(.rel.got)

.ewram          0x020297cc        0x0
                0x020297cc                        __ewram_start = ABSOLUTE (.)
 *(.ewram)
 *ewram.*(.text)
                0x020297cc                        . = ALIGN (0x4)

.data           0x020297cc     0x2524
                0x020297cc                        __data_start = ABSOLUTE (.)
 *(EXCLUDE_FILE(*.twl*) .data)
 .data          0x020297cc       0x28 C:/devkitPro/libnds/lib\libnds9.a(mpu_setup.o)
 *(EXCLUDE_FILE(*.twl*) .data.*)
 .data.ndsFileFD
                0x020297f4        0x4 C:/devkitPro/libnds/lib\libfilesystem.a(nitrofs.o)
 .data.nitroFSdevoptab
                0x020297f8       0x70 C:/devkitPro/libnds/lib\libfilesystem.a(nitrofs.o)
                0x020297f8                nitroFSdevoptab
 .data.syspaths
                0x02029868        0x8 C:/devkitPro/libnds/lib\libfilesystem.a(nitrofs.o)
                0x02029868                syspaths
 .data.currentConsole
                0x02029870        0x4 C:/devkitPro/libnds/lib\libnds9.a(console.o)
                0x02029870                currentConsole
 .data.defaultConsole
                0x02029874       0x5c C:/devkitPro/libnds/lib\libnds9.a(console.o)
                0x02029874                defaultConsole
 .data.firstConsoleInit.0
                0x020298d0        0x1 C:/devkitPro/libnds/lib\libnds9.a(console.o)
 *fill*         0x020298d1        0x3 ff
 .data.oamMain  0x020298d4       0x18 C:/devkitPro/libnds/lib\libnds9.a(sprite.o)
                0x020298d4                oamMain
 .data.oamSub   0x020298ec       0x18 C:/devkitPro/libnds/lib\libnds9.a(sprite.o)
                0x020298ec                oamSub
 .data.count    0x02029904        0x1 C:/devkitPro/libnds/lib\libnds9.a(keys.o)
 .data.delay    0x02029905        0x1 C:/devkitPro/libnds/lib\libnds9.a(keys.o)
 .data.repeat   0x02029906        0x1 C:/devkitPro/libnds/lib\libnds9.a(keys.o)
 *fill*         0x02029907        0x1 ff
 .data.fifo_buffer_free
                0x02029908        0x4 C:/devkitPro/libnds/lib\libnds9.a(fifosystem.o)
                0x02029908                fifo_buffer_free
 .data.fifo_freewords
                0x0202990c        0x4 C:/devkitPro/libnds/lib\libnds9.a(fifosystem.o)
                0x0202990c                fifo_freewords
 .data.fifo_receive_queue
                0x02029910        0x4 C:/devkitPro/libnds/lib\libnds9.a(fifosystem.o)
                0x02029910                fifo_receive_queue
 .data.fifo_send_queue
                0x02029914        0x4 C:/devkitPro/libnds/lib\libnds9.a(fifosystem.o)
                0x02029914                fifo_send_queue
 .data.bgControl
                0x02029918       0x20 C:/devkitPro/libnds/lib\libnds9.a(background.o)
                0x02029918                bgControl
 .data.bgScrollTable
                0x02029938       0x20 C:/devkitPro/libnds/lib\libnds9.a(background.o)
                0x02029938                bgScrollTable
 .data.bgTransform
                0x02029958       0x20 C:/devkitPro/libnds/lib\libnds9.a(background.o)
                0x02029958                bgTransform
 .data.__malloc_sbrk_base
                0x02029978        0x4 C:/devkitPro/devkitARM/bin/../lib/gcc/arm-none-eabi/13.2.0/../../../../arm-none-eabi/lib\libg.a(libc_a-mallocr.o)
                0x02029978                __malloc_sbrk_base
 .data.__malloc_trim_threshold
                0x0202997c        0x4 C:/devkitPro/devkitARM/bin/../lib/gcc/arm-none-eabi/13.2.0/../../../../arm-none-eabi/lib\libg.a(libc_a-mallocr.o)
                0x0202997c                __malloc_trim_threshold
 .data.__malloc_av_
                0x02029980      0x408 C:/devkitPro/devkitARM/bin/../lib/gcc/arm-none-eabi/13.2.0/../../../../arm-none-eabi/lib\libg.a(libc_a-mallocr.o)
                0x02029980                __malloc_av_
 .data.__sglue  0x02029d88        0xc C:/devkitPro/devkitARM/bin/../lib/gcc/arm-none-eabi/13.2.0/../../../../arm-none-eabi/lib\libg.a(libc_a-findfp.o)
                0x02029d88                __sglue
 .data._tzname  0x02029d94        0x8 C:/devkitPro/devkitARM/bin/../lib/gcc/arm-none-eabi/13.2.0/../../../../arm-none-eabi/lib\libg.a(libc_a-tzvars.o)
                0x02029d94                _tzname
 *fill*         0x02029d9c        0x4 ff
 .data.tzinfo   0x02029da0       0x58 C:/devkitPro/devkitARM/bin/../lib/gcc/arm-none-eabi/13.2.0/../../../../arm-none-eabi/lib\libg.a(libc_a-gettzinfo.o)
 .data.__global_locale
                0x02029df8      0x16c C:/devkitPro/devkitARM/bin/../lib/gcc/arm-none-eabi/13.2.0/../../../../arm-none-eabi/lib\libg.a(libc_a-locale.o)
                0x02029df8                __global_locale
 .data._impure_ptr
                0x02029f64        0x4 C:/devkitPro/devkitARM/bin/../lib/gcc/arm-none-eabi/13.2.0/../../../../arm-none-eabi/lib\libg.a(libc_a-impure.o)
                0x02029f64                _impure_ptr
 .data._impure_data
                0x02029f68      0x120 C:/devkitPro/devkitARM/bin/../lib/gcc/arm-none-eabi/13.2.0/../../../../arm-none-eabi/lib\libg.a(libc_a-impure.o)
                0x02029f68                _impure_data
 .data.caseconv_table
                0x0202a088      0x7b0 C:/devkitPro/devkitARM/bin/../lib/gcc/arm-none-eabi/13.2.0/../../../../arm-none-eabi/lib\libg.a(libc_a-towctrans_l.o)
 .data.environ  0x0202a838        0x4 C:/devkitPro/devkitARM/bin/../lib/gcc/arm-none-eabi/13.2.0/../../../../arm-none-eabi/lib\libg.a(libc_a-environ.o)
                0x0202a838                environ
 .data._current_working_directory
                0x0202a83c      0x400 C:/devkitPro/devkitARM/bin/../lib/gcc/arm-none-eabi/13.2.0/../../../../arm-none-eabi/lib\libsysbase.a(libsysbase_libsysbase_a-chdir.o)
 .data.handles  0x0202ac3c     0x1000 C:/devkitPro/devkitARM/bin/../lib/gcc/arm-none-eabi/13.2.0/../../../../arm-none-eabi/lib\libsysbase.a(libsysbase_libsysbase_a-handle_manager.o)
 .data.__stderr_handle
                0x0202bc3c        0xc C:/devkitPro/devkitARM/bin/../lib/gcc/arm-none-eabi/13.2.0/../../../../arm-none-eabi/lib\libsysbase.a(libsysbase_libsysbase_a-handle_manager.o)
 .data.__stdout_handle
                0x0202bc48        0xc C:/devkitPro/devkitARM/bin/../lib/gcc/arm-none-eabi/13.2.0/../../../../arm-none-eabi/lib\libsysbase.a(libsysbase_libsysbase_a-handle_manager.o)
 .data.__stdin_handle
                0x0202bc54        0xc C:/devkitPro/devkitARM/bin/../lib/gcc/arm-none-eabi/13.2.0/../../../../arm-none-eabi/lib\libsysbase.a(libsysbase_libsysbase_a-handle_manager.o)
 .data.devoptab_list
                0x0202bc60       0x8c C:/devkitPro/devkitARM/bin/../lib/gcc/arm-none-eabi/13.2.0/../../../../arm-none-eabi/lib\libsysbase.a(libsysbase_libsysbase_a-iosupport.o)
                0x0202bc60                devoptab_list
 .data.defaultDevice
                0x0202bcec        0x4 C:/devkitPro/devkitARM/bin/../lib/gcc/arm-none-eabi/13.2.0/../../../../arm-none-eabi/lib\libsysbase.a(libsysbase_libsysbase_a-iosupport.o)
 *(EXCLUDE_FILE(*.twl*) .gnu.linkonce.d*)
                0x0202bcf0                        . = ALIGN (0x4)
                0x0202bcf0                        __data_end = ABSOLUTE (.)
                0x0202bcf0                        __bss_vma = .

.igot.plt       0x0202bcf0        0x0
 .igot.plt      0x0202bcf0        0x0 C:/devkitPro/devkitARM/bin/../lib/gcc/arm-none-eabi/13.2.0/../../../../arm-none-eabi/lib/ds_arm9_crt0.o

.dtcm           0x02ff0000        0x0 load address 0x0202bcf0
                0x0202bcf0                        __dtcm_lma = LOADADDR (.dtcm)
                0x02ff0000                        __dtcm_start = ABSOLUTE (.)
 *(.dtcm)
 *(.dtcm.*)
                0x02ff0000                        . = ALIGN (0x4)
                0x02ff0000                        __dtcm_end = ABSOLUTE (.)

.itcm           0x01000100      0x194 load address 0x0202bcf0
                0x0202bcf0                        __itcm_lma = LOADADDR (.itcm)
                0x01000100                        __itcm_start = ABSOLUTE (.)
 *(.itcm)
 .itcm          0x01000100       0xc8 C:/devkitPro/libnds/lib\libnds9.a(interrupts.o)
                0x01000100                irqTable
 .itcm          0x010001c8       0xcc C:/devkitPro/libnds/lib\libnds9.a(interruptDispatcher.o)
                0x010001c8                IntrMain
 *.itcm*(.text .stub .text.*)
                0x01000294                        . = ALIGN (0x4)
                0x01000294                        __itcm_end = ABSOLUTE (.)

.vectors        0x01000000        0x0 load address 0x0202be84
                0x0202be84                        __vectors_lma = LOADADDR (.vectors)
                0x01000000                        __vectors_start = ABSOLUTE (.)
 *(.vectors .vectors.*)
                0x01000000                        . = ALIGN (0x4)
                0x01000000                        __vectors_end = ABSOLUTE (.)

.sbss           0x02ff0000        0x0
                0x02ff0000                        __sbss_start = ABSOLUTE (.)
                0x02ff0000                        __sbss_start__ = ABSOLUTE (.)
 *(.sbss)
                0x02ff0000                        . = ALIGN (0x4)
                0x02ff0000                        __sbss_end = ABSOLUTE (.)

.bss            0x0202bcf0     0x86fc
                0x0202bcf0                        __bss_start = ABSOLUTE (.)
                0x0202bcf0                        __bss_start__ = ABSOLUTE (.)
 *(EXCLUDE_FILE(*.twl*) .dynbss)
 *(EXCLUDE_FILE(*.twl*) .gnu.linkonce.b*)
 *(EXCLUDE_FILE(*.twl*) .bss*)
 .bss.completed.1
                0x0202bcf0        0x1 C:/devkitPro/devkitARM/bin/../lib/gcc/arm-none-eabi/13.2.0/crtbegin.o
 *fill*         0x0202bcf1        0x3 
 .bss.object.0  0x0202bcf4       0x18 C:/devkitPro/devkitARM/bin/../lib/gcc/arm-none-eabi/13.2.0/crtbegin.o
 .bss           0x0202bd0c       0x40 C:/devkitPro/nflib/lib\libnflib.a(nf_basic.o)
                0x0202bd0c                NF_ROOTFOLDER
 .bss           0x0202bd4c     0x5378 C:/devkitPro/nflib/lib\libnflib.a(nf_sprite256.o)
                0x0202bd4c                NF_SPRPALSLOT
                0x0202bd8c                NF_SPRVRAM
                0x0202c5c4                NF_SPRITEOAM
                0x0202e9c4                NF_SPR256VRAM